Component: ARM Compiler 5.06 update 6 (build 750) Tool: armlink [4d35ed]

==============================================================================

Section Cross References

    startup_stm32f103xe.o(RESET) refers to startup_stm32f103xe.o(STACK) for __initial_sp
    startup_stm32f103xe.o(RESET) refers to startup_stm32f103xe.o(.text) for Reset_Handler
    startup_stm32f103xe.o(RESET) refers to stm32f1xx_it.o(i.NMI_Handler) for NMI_Handler
    startup_stm32f103xe.o(RESET) refers to context_rvds.o(.text) for HardFault_Handler
    startup_stm32f103xe.o(RESET) refers to stm32f1xx_it.o(i.MemManage_Handler) for MemManage_Handler
    startup_stm32f103xe.o(RESET) refers to stm32f1xx_it.o(i.BusFault_Handler) for BusFault_Handler
    startup_stm32f103xe.o(RESET) refers to stm32f1xx_it.o(i.UsageFault_Handler) for UsageFault_Handler
    startup_stm32f103xe.o(RESET) refers to stm32f1xx_it.o(i.SVC_Handler) for SVC_Handler
    startup_stm32f103xe.o(RESET) refers to stm32f1xx_it.o(i.DebugMon_Handler) for DebugMon_Handler
    startup_stm32f103xe.o(RESET) refers to board.o(i.SysTick_Handler) for SysTick_Handler
    startup_stm32f103xe.o(RESET) refers to stm32f1xx_it.o(i.USART1_IRQHandler) for USART1_IRQHandler
    startup_stm32f103xe.o(.text) refers to system_stm32f1xx.o(i.SystemInit) for SystemInit
    startup_stm32f103xe.o(.text) refers to entry.o(.ARM.Collect$$$$00000000) for __main
    main.o(i.SystemClock_Config) refers to memseta.o(.text) for __aeabi_memclr4
    main.o(i.SystemClock_Config) refers to stm32f1xx_hal_rcc.o(i.HAL_RCC_OscConfig) for HAL_RCC_OscConfig
    main.o(i.SystemClock_Config) refers to stm32f1xx_hal_rcc.o(i.HAL_RCC_ClockConfig) for HAL_RCC_ClockConfig
    main.o(i.led1_thread_entry) refers to stm32f1xx_hal_gpio.o(i.HAL_GPIO_WritePin) for HAL_GPIO_WritePin
    main.o(i.led1_thread_entry) refers to kservice.o(i.rt_kprintf) for rt_kprintf
    main.o(i.led1_thread_entry) refers to thread.o(i.rt_thread_mdelay) for rt_thread_mdelay
    main.o(i.led1_thread_entry) refers to main.o(.data) for .data
    main.o(i.led2_thread_entry) refers to stm32f1xx_hal_gpio.o(i.HAL_GPIO_WritePin) for HAL_GPIO_WritePin
    main.o(i.led2_thread_entry) refers to kservice.o(i.rt_kprintf) for rt_kprintf
    main.o(i.led2_thread_entry) refers to thread.o(i.rt_thread_mdelay) for rt_thread_mdelay
    main.o(i.led2_thread_entry) refers to main.o(.data) for .data
    main.o(i.main) refers to stm32f1xx_hal.o(i.HAL_Init) for HAL_Init
    main.o(i.main) refers to main.o(i.SystemClock_Config) for SystemClock_Config
    main.o(i.main) refers to gpio.o(i.MX_GPIO_Init) for MX_GPIO_Init
    main.o(i.main) refers to usart.o(i.MX_USART1_UART_Init) for MX_USART1_UART_Init
    main.o(i.main) refers to thread.o(i.rt_thread_init) for rt_thread_init
    main.o(i.main) refers to thread.o(i.rt_thread_startup) for rt_thread_startup
    main.o(i.main) refers to main.o(.bss) for .bss
    main.o(i.main) refers to main.o(i.led1_thread_entry) for led1_thread_entry
    main.o(i.main) refers to main.o(i.led2_thread_entry) for led2_thread_entry
    gpio.o(i.MX_GPIO_Init) refers to stm32f1xx_hal_gpio.o(i.HAL_GPIO_WritePin) for HAL_GPIO_WritePin
    gpio.o(i.MX_GPIO_Init) refers to stm32f1xx_hal_gpio.o(i.HAL_GPIO_Init) for HAL_GPIO_Init
    usart.o(i.HAL_UART_MspDeInit) refers to stm32f1xx_hal_gpio.o(i.HAL_GPIO_DeInit) for HAL_GPIO_DeInit
    usart.o(i.HAL_UART_MspDeInit) refers to stm32f1xx_hal_cortex.o(i.HAL_NVIC_DisableIRQ) for HAL_NVIC_DisableIRQ
    usart.o(i.HAL_UART_MspInit) refers to stm32f1xx_hal_gpio.o(i.HAL_GPIO_Init) for HAL_GPIO_Init
    usart.o(i.HAL_UART_MspInit) refers to stm32f1xx_hal_cortex.o(i.HAL_NVIC_SetPriority) for HAL_NVIC_SetPriority
    usart.o(i.HAL_UART_MspInit) refers to stm32f1xx_hal_cortex.o(i.HAL_NVIC_EnableIRQ) for HAL_NVIC_EnableIRQ
    usart.o(i.MX_USART1_UART_Init) refers to stm32f1xx_hal_uart.o(i.HAL_UART_Init) for HAL_UART_Init
    usart.o(i.MX_USART1_UART_Init) refers to main.o(i.Error_Handler) for Error_Handler
    usart.o(i.MX_USART1_UART_Init) refers to usart.o(.bss) for .bss
    usart.o(i.Usart_SendString) refers to stm32f1xx_hal_uart.o(i.HAL_UART_Transmit) for HAL_UART_Transmit
    usart.o(i.Usart_SendString) refers to usart.o(.bss) for .bss
    stm32f1xx_it.o(i.USART1_IRQHandler) refers to stm32f1xx_hal_uart.o(i.HAL_UART_IRQHandler) for HAL_UART_IRQHandler
    stm32f1xx_it.o(i.USART1_IRQHandler) refers to usart.o(.bss) for huart1
    stm32f1xx_hal.o(i.HAL_DeInit) refers to stm32f1xx_hal.o(i.HAL_MspDeInit) for HAL_MspDeInit
    stm32f1xx_hal.o(i.HAL_Delay) refers to stm32f1xx_hal.o(i.HAL_GetTick) for HAL_GetTick
    stm32f1xx_hal.o(i.HAL_Delay) refers to stm32f1xx_hal.o(.data) for .data
    stm32f1xx_hal.o(i.HAL_GetTick) refers to stm32f1xx_hal.o(.data) for .data
    stm32f1xx_hal.o(i.HAL_GetTickFreq) refers to stm32f1xx_hal.o(.data) for .data
    stm32f1xx_hal.o(i.HAL_GetTickPrio) refers to stm32f1xx_hal.o(.data) for .data
    stm32f1xx_hal.o(i.HAL_IncTick) refers to stm32f1xx_hal.o(.data) for .data
[...]
    ..\Src\gpio.c                            0x00000000   Number         0  gpio.o ABSOLUTE
    ..\Src\main.c                            0x00000000   Number         0  main.o ABSOLUTE
    ..\Src\stm32f1xx_hal_msp.c               0x00000000   Number         0  stm32f1xx_hal_msp.o ABSOLUTE
    ..\Src\stm32f1xx_it.c                    0x00000000   Number         0  stm32f1xx_it.o ABSOLUTE
    ..\Src\system_stm32f1xx.c                0x00000000   Number         0  system_stm32f1xx.o ABSOLUTE
    ..\Src\usart.c                           0x00000000   Number         0  usart.o ABSOLUTE
    dc.s                                     0x00000000   Number         0  dc.o ABSOLUTE
    handlers.s                               0x00000000   Number         0  handlers.o ABSOLUTE
    init.s                                   0x00000000   Number         0  init.o ABSOLUTE
    startup_stm32f103xe.s                    0x00000000   Number         0  startup_stm32f103xe.o ABSOLUTE
    RESET                                    0x08000000   Section      304  startup_stm32f103xe.o(RESET)
    .ARM.Collect$$$$00000000                 0x08000130   Section        0  entry.o(.ARM.Collect$$$$00000000)
    .ARM.Collect$$$$00000001                 0x08000130   Section        4  entry2.o(.ARM.Collect$$$$00000001)
    .ARM.Collect$$$$00000004                 0x08000134   Section        4  entry5.o(.ARM.Collect$$$$00000004)
    .ARM.Collect$$$$00000008                 0x08000138   Section        0  entry7b.o(.ARM.Collect$$$$00000008)
    .ARM.Collect$$$$0000000A                 0x08000138   Section        0  entry8b.o(.ARM.Collect$$$$0000000A)
    .ARM.Collect$$$$0000000B                 0x08000138   Section        8  entry9a.o(.ARM.Collect$$$$0000000B)
    .ARM.Collect$$$$0000000D                 0x08000140   Section        0  entry10a.o(.ARM.Collect$$$$0000000D)
    .ARM.Collect$$$$0000000F                 0x08000140   Section        0  entry11a.o(.ARM.Collect$$$$0000000F)
    .ARM.Collect$$$$00002712                 0x08000140   Section        4  entry2.o(.ARM.Collect$$$$00002712)
    __lit__00000000                          0x08000140   Data           4  entry2.o(.ARM.Collect$$$$00002712)
    .text                                    0x08000144   Section       36  startup_stm32f103xe.o(.text)
    .text                                    0x08000168   Section      244  context_rvds.o(.text)
    .text                                    0x0800025c   Section        0  memcpya.o(.text)
    .text                                    0x08000280   Section        0  memseta.o(.text)
    .text                                    0x080002a4   Section        0  strcat.o(.text)
    .text                                    0x080002bc   Section        0  strncpy.o(.text)
    .text                                    0x080002d4   Section        0  strlen.o(.text)
    .text                                    0x080002e2   Section        0  strcpy.o(.text)
    .text                                    0x080002f4   Section        0  strncmp.o(.text)
    .text                                    0x08000314   Section       36  init.o(.text)
    i.$Sub$$main                             0x08000338   Section        0  components.o(i.$Sub$$main)
    i.BusFault_Handler                       0x08000342   Section        0  stm32f1xx_it.o(i.BusFault_Handler)
    i.DebugMon_Handler                       0x08000344   Section        0  stm32f1xx_it.o(i.DebugMon_Handler)
    i.Error_Handler                          0x08000346   Section        0  main.o(i.Error_Handler)
    i.HAL_DMA_Abort_IT                       0x08000348   Section        0  stm32f1xx_hal_dma.o(i.HAL_DMA_Abort_IT)
    i.HAL_GPIO_Init                          0x08000478   Section        0  stm32f1xx_hal_gpio.o(i.HAL_GPIO_Init)
    i.HAL_GPIO_WritePin                      0x08000670   Section        0  stm32f1xx_hal_gpio.o(i.HAL_GPIO_WritePin)
    i.HAL_GetTick                            0x0800067c   Section        0  stm32f1xx_hal.o(i.HAL_GetTick)
    i.HAL_Init                               0x08000688   Section        0  stm32f1xx_hal.o(i.HAL_Init)
    i.HAL_InitTick                           0x080006ac   Section        0  stm32f1xx_hal.o(i.HAL_InitTick)
    i.HAL_MspInit                            0x080006ec   Section        0  stm32f1xx_hal_msp.o(i.HAL_MspInit)
    i.HAL_NVIC_EnableIRQ                     0x08000728   Section        0  stm32f1xx_hal_cortex.o(i.HAL_NVIC_EnableIRQ)
    i.HAL_NVIC_SetPriority                   0x08000744   Section        0  stm32f1xx_hal_cortex.o(i.HAL_NVIC_SetPriority)
    i.HAL_NVIC_SetPriorityGrouping           0x08000784   Section        0  stm32f1xx_hal_cortex.o(i.HAL_NVIC_SetPriorityGrouping)
    i.HAL_RCC_ClockConfig                    0x080007a8   Section        0  stm32f1xx_hal_rcc.o(i.HAL_RCC_ClockConfig)
    i.HAL_RCC_GetPCLK1Freq                   0x080008d4   Section        0  stm32f1xx_hal_rcc.o(i.HAL_RCC_GetPCLK1Freq)
    i.HAL_RCC_GetPCLK2Freq                   0x080008f4   Section        0  stm32f1xx_hal_rcc.o(i.HAL_RCC_GetPCLK2Freq)
    i.HAL_RCC_GetSysClockFreq                0x08000914   Section        0  stm32f1xx_hal_rcc.o(i.HAL_RCC_GetSysClockFreq)
    i.HAL_RCC_OscConfig                      0x08000980   Section        0  stm32f1xx_hal_rcc.o(i.HAL_RCC_OscConfig)
    i.HAL_SYSTICK_Config                     0x08000ca0   Section        0  stm32f1xx_hal_cortex.o(i.HAL_SYSTICK_Config)
    i.HAL_UART_ErrorCallback                 0x08000cc8   Section        0  stm32f1xx_hal_uart.o(i.HAL_UART_ErrorCallback)
    i.HAL_UART_IRQHandler                    0x08000ccc   Section        0  stm32f1xx_hal_uart.o(i.HAL_UART_IRQHandler)
    i.HAL_UART_Init                          0x08000ddc   Section        0  stm32f1xx_hal_uart.o(i.HAL_UART_Init)
    i.HAL_UART_MspInit                       0x08000e40   Section        0  usart.o(i.HAL_UART_MspInit)
    i.HAL_UART_RxCpltCallback                0x08000ec0   Section        0  stm32f1xx_hal_uart.o(i.HAL_UART_RxCpltCallback)
    i.HAL_UART_Transmit                      0x08000ec2   Section        0  stm32f1xx_hal_uart.o(i.HAL_UART_Transmit)
    i.HAL_UART_TxCpltCallback                0x08000f7c   Section        0  stm32f1xx_hal_uart.o(i.HAL_UART_TxCpltCallback)
    i.MX_GPIO_Init                           0x08000f80   Section        0  gpio.o(i.MX_GPIO_Init)
    i.MX_USART1_UART_Init                    0x08001008   Section        0  usart.o(i.MX_USART1_UART_Init)
    i.MemManage_Handler                      0x08001040   Section        0  stm32f1xx_it.o(i.MemManage_Handler)
    i.NMI_Handler                            0x08001042   Section        0  stm32f1xx_it.o(i.NMI_Handler)
    i.SVC_Handler                            0x08001044   Section        0  stm32f1xx_it.o(i.SVC_Handler)
    i.SysTick_Handler                        0x08001046   Section        0  board.o(i.SysTick_Handler)
    i.SystemClock_Config                     0x08001058   Section        0  main.o(i.SystemClock_Config)
    i.SystemCoreClockUpdate                  0x0800109c   Section        0  system_stm32f1xx.o(i.SystemCoreClockUpdate)
    i.SystemInit                             0x08001104   Section        0  system_stm32f1xx.o(i.SystemInit)
    i.UART_DMAAbortOnError                   0x0800114c   Section        0  stm32f1xx_hal_uart.o(i.UART_DMAAbortOnError)
    UART_DMAAbortOnError                     0x0800114d   Thumb Code    16  stm32f1xx_hal_uart.o(i.UART_DMAAbortOnError)
    i.UART_EndRxTransfer                     0x0800115c   Section        0  stm32f1xx_hal_uart.o(i.UART_EndRxTransfer)
    UART_EndRxTransfer                       0x0800115d   Thumb Code    28  stm32f1xx_hal_uart.o(i.UART_EndRxTransfer)
    i.UART_Receive_IT                        0x08001178   Section        0  stm32f1xx_hal_uart.o(i.UART_Receive_IT)
    UART_Receive_IT                          0x08001179   Thumb Code   150  stm32f1xx_hal_uart.o(i.UART_Receive_IT)
    i.UART_SetConfig                         0x08001210   Section        0  stm32f1xx_hal_uart.o(i.UART_SetConfig)
    UART_SetConfig                           0x08001211   Thumb Code   178  stm32f1xx_hal_uart.o(i.UART_SetConfig)
    i.UART_Transmit_IT                       0x080012c8   Section        0  stm32f1xx_hal_uart.o(i.UART_Transmit_IT)
    UART_Transmit_IT                         0x080012c9   Thumb Code    98  stm32f1xx_hal_uart.o(i.UART_Transmit_IT)
    i.UART_WaitOnFlagUntilTimeout            0x0800132a   Section        0  stm32f1xx_hal_uart.o(i.UART_WaitOnFlagUntilTimeout)
    UART_WaitOnFlagUntilTimeout              0x0800132b   Thumb Code   100  stm32f1xx_hal_uart.o(i.UART_WaitOnFlagUntilTimeout)
    i.USART1_IRQHandler                      0x08001390   Section        0  stm32f1xx_it.o(i.USART1_IRQHandler)
    i.UsageFault_Handler                     0x0800139c   Section        0  stm32f1xx_it.o(i.UsageFault_Handler)
    i.__NVIC_SetPriority                     0x0800139e   Section        0  stm32f1xx_hal_cortex.o(i.__NVIC_SetPriority)
    __NVIC_SetPriority                       0x0800139f   Thumb Code    32  stm32f1xx_hal_cortex.o(i.__NVIC_SetPriority)
    i.__rt_ffs                               0x080013c0   Section        0  kservice.o(i.__rt_ffs)
    i.__scatterload_copy                     0x08001404   Section       14  handlers.o(i.__scatterload_copy)
    i.__scatterload_null                     0x08001412   Section        2  handlers.o(i.__scatterload_null)
    i.__scatterload_zeroinit                 0x08001414   Section       14  handlers.o(i.__scatterload_zeroinit)
    i._has_defunct_thread                    0x08001424   Section        0  idle.o(i._has_defunct_thread)
    _has_defunct_thread                      0x08001425   Thumb Code    16  idle.o(i._has_defunct_thread)
    i._msh_exec_cmd                          0x08001438   Section        0  msh.o(i._msh_exec_cmd)
    _msh_exec_cmd                            0x08001439   Thumb Code   140  msh.o(i._msh_exec_cmd)
    i._rt_thread_init                        0x080014d4   Section        0  thread.o(i._rt_thread_init)
    _rt_thread_init                          0x080014d5   Thumb Code   118  thread.o(i._rt_thread_init)
    i._rt_timer_init                         0x08001554   Section        0  timer.o(i._rt_timer_init)
    _rt_timer_init                           0x08001555   Thumb Code    28  timer.o(i._rt_timer_init)
    i._rt_timer_remove                       0x08001570   Section        0  timer.o(i._rt_timer_remove)
    _rt_timer_remove                         0x08001571   Thumb Code    18  timer.o(i._rt_timer_remove)
    i.bus_fault_track                        0x08001584   Section        0  cpuport.o(i.bus_fault_track)
    bus_fault_track                          0x08001585   Thumb Code   110  cpuport.o(i.bus_fault_track)
    i.cmd_free                               0x0800166c   Section        0  msh.o(i.cmd_free)
    i.cmd_ps                                 0x08001676   Section        0  msh.o(i.cmd_ps)
    i.finsh_get_prompt                       0x08001680   Section        0  shell.o(i.finsh_get_prompt)
    i.finsh_set_prompt_mode                  0x080016e0   Section        0  shell.o(i.finsh_set_prompt_mode)
    i.finsh_system_function_init             0x080016f4   Section        0  shell.o(i.finsh_system_function_init)
    i.finsh_system_init                      0x08001700   Section        0  shell.o(i.finsh_system_init)
    i.finsh_thread_entry                     0x08001794   Section        0  shell.o(i.finsh_thread_entry)
    i.hard_fault_track                       0x08001a20   Section        0  cpuport.o(i.hard_fault_track)
    hard_fault_track                         0x08001a21   Thumb Code    76  cpuport.o(i.hard_fault_track)
    i.hello                                  0x08001a98   Section        0  cmd.o(i.hello)
    i.led1_thread_entry                      0x08001ab8   Section        0  main.o(i.led1_thread_entry)
    led1_thread_entry                        0x08001ab9   Thumb Code    74  main.o(i.led1_thread_entry)
    i.led2_thread_entry                      0x08001b24   Section        0  main.o(i.led2_thread_entry)
    led2_thread_entry                        0x08001b25   Thumb Code    66  main.o(i.led2_thread_entry)
    i.list                                   0x08001b88   Section        0  cmd.o(i.list)
    i.list_find_init                         0x08001bdc   Section        0  cmd.o(i.list_find_init)
    list_find_init                           0x08001bdd   Thumb Code    36  cmd.o(i.list_find_init)
    i.list_get_next                          0x08001c00   Section        0  cmd.o(i.list_get_next)
    list_get_next                            0x08001c01   Thumb Code   102  cmd.o(i.list_get_next)
    i.list_mem                               0x08001c68   Section        0  mem.o(i.list_mem)
    i.list_sem                               0x08001cd4   Section        0  cmd.o(i.list_sem)
    i.list_thread                            0x08001e14   Section        0  cmd.o(i.list_thread)
    i.list_timer                             0x08001fcc   Section        0  cmd.o(i.list_timer)
    i.main                                   0x0800210c   Section        0  main.o(i.main)
    i.main_thread_entry                      0x08002190   Section        0  components.o(i.main_thread_entry)
    i.mem_manage_fault_track                 0x080021a0   Section        0  cpuport.o(i.mem_manage_fault_track)
    mem_manage_fault_track                   0x080021a1   Thumb Code    98  cpuport.o(i.mem_manage_fault_track)
    i.msh_auto_complete                      0x08002278   Section        0  msh.o(i.msh_auto_complete)
    i.msh_exec                               0x08002324   Section        0  msh.o(i.msh_exec)
    i.msh_help                               0x08002388   Section        0  msh.o(i.msh_help)
    i.msh_is_used                            0x080023f4   Section        0  msh.o(i.msh_is_used)
    i.msh_split                              0x080023f8   Section        0  msh.o(i.msh_split)
    msh_split                                0x080023f9   Thumb Code   172  msh.o(i.msh_split)
    i.object_split                           0x080024c8   Section        0  cmd.o(i.object_split)
    object_split                             0x080024c9   Thumb Code    18  cmd.o(i.object_split)
    i.plug_holes                             0x080024e0   Section        0  mem.o(i.plug_holes)
    plug_holes                               0x080024e1   Thumb Code    80  mem.o(i.plug_holes)
    i.print_number                           0x08002534   Section        0  kservice.o(i.print_number)
    print_number                             0x08002535   Thumb Code   300  kservice.o(i.print_number)
    i.rt_application_init                    0x08002664   Section        0  components.o(i.rt_application_init)
    i.rt_calloc                              0x08002690   Section        0  mem.o(i.rt_calloc)
    i.rt_components_board_init               0x080026ac   Section        0  components.o(i.rt_components_board_init)
    i.rt_components_init                     0x080026c8   Section        0  components.o(i.rt_components_init)
    i.rt_enter_critical                      0x080026e4   Section        0  scheduler.o(i.rt_enter_critical)
    i.rt_exit_critical                       0x08002700   Section        0  scheduler.o(i.rt_exit_critical)
    i.rt_free                                0x08002738   Section        0  mem.o(i.rt_free)
    i.rt_heap_begin_get                      0x080027fc   Section        0  board.o(i.rt_heap_begin_get)
    i.rt_heap_end_get                        0x08002804   Section        0  board.o(i.rt_heap_end_get)
    i.rt_hw_board_init                       0x0800280c   Section        0  board.o(i.rt_hw_board_init)
    i.rt_hw_console_getchar                  0x08002864   Section        0  board.o(i.rt_hw_console_getchar)
    i.rt_hw_console_output                   0x08002898   Section        0  board.o(i.rt_hw_console_output)
    i.rt_hw_hard_fault_exception             0x080028d8   Section        0  cpuport.o(i.rt_hw_hard_fault_exception)
    i.rt_hw_stack_init                       0x08002ad4   Section        0  cpuport.o(i.rt_hw_stack_init)
    i.rt_interrupt_enter                     0x08002b0c   Section        0  irq.o(i.rt_interrupt_enter)
    i.rt_interrupt_leave                     0x08002b28   Section        0  irq.o(i.rt_interrupt_leave)
    i.rt_kprintf                             0x08002b44   Section        0  kservice.o(i.rt_kprintf)
    i.rt_list_insert_after                   0x08002b64   Section        0  object.o(i.rt_list_insert_after)
    rt_list_insert_after                     0x08002b65   Thumb Code    14  object.o(i.rt_list_insert_after)
    i.rt_list_insert_after                   0x08002b72   Section        0  thread.o(i.rt_list_insert_after)
    rt_list_insert_after                     0x08002b73   Thumb Code    14  thread.o(i.rt_list_insert_after)
    i.rt_list_insert_after                   0x08002b80   Section        0  timer.o(i.rt_list_insert_after)
    rt_list_insert_after                     0x08002b81   Thumb Code    14  timer.o(i.rt_list_insert_after)
    i.rt_list_insert_before                  0x08002b8e   Section        0  ipc.o(i.rt_list_insert_before)
    rt_list_insert_before                    0x08002b8f   Thumb Code    14  ipc.o(i.rt_list_insert_before)
    i.rt_list_len                            0x08002b9c   Section        0  cmd.o(i.rt_list_len)
    rt_list_len                              0x08002b9d   Thumb Code    18  cmd.o(i.rt_list_len)
    i.rt_list_remove                         0x08002bae   Section        0  object.o(i.rt_list_remove)
    rt_list_remove                           0x08002baf   Thumb Code    18  object.o(i.rt_list_remove)
    i.rt_list_remove                         0x08002bc0   Section        0  thread.o(i.rt_list_remove)
    rt_list_remove                           0x08002bc1   Thumb Code    18  thread.o(i.rt_list_remove)
    i.rt_malloc                              0x08002bd4   Section        0  mem.o(i.rt_malloc)
    i.rt_memmove                             0x08002cc4   Section        0  kservice.o(i.rt_memmove)
    i.rt_memset                              0x08002cf8   Section        0  kservice.o(i.rt_memset)
    i.rt_object_allocate                     0x08002d3e   Section        0  object.o(i.rt_object_allocate)
    i.rt_object_delete                       0x08002d8e   Section        0  object.o(i.rt_object_delete)
    i.rt_object_detach                       0x08002db4   Section        0  object.o(i.rt_object_detach)
    i.rt_object_get_information              0x08002dd4   Section        0  object.o(i.rt_object_get_information)
    i.rt_object_init                         0x08002df8   Section        0  object.o(i.rt_object_init)
    i.rt_object_is_systemobject              0x08002e48   Section        0  object.o(i.rt_object_is_systemobject)
    i.rt_schedule                            0x08002e58   Section        0  scheduler.o(i.rt_schedule)
    i.rt_schedule_insert_thread              0x08002eb0   Section        0  scheduler.o(i.rt_schedule_insert_thread)
    i.rt_schedule_remove_thread              0x08002f00   Section        0  scheduler.o(i.rt_schedule_remove_thread)
    i.rt_sem_init                            0x08002f48   Section        0  ipc.o(i.rt_sem_init)
    i.rt_sem_release                         0x08002f6c   Section        0  ipc.o(i.rt_sem_release)
    i.rt_sem_take                            0x08002fa2   Section        0  ipc.o(i.rt_sem_take)
    i.rt_show_version                        0x08003050   Section        0  kservice.o(i.rt_show_version)
    i.rt_strlen                              0x08003100   Section        0  kservice.o(i.rt_strlen)
    i.rt_strncpy                             0x08003110   Section        0  kservice.o(i.rt_strncpy)
    i.rt_system_heap_init                    0x08003138   Section        0  mem.o(i.rt_system_heap_init)
    i.rt_system_scheduler_init               0x080031e4   Section        0  scheduler.o(i.rt_system_scheduler_init)
    i.rt_system_scheduler_start              0x08003218   Section        0  scheduler.o(i.rt_system_scheduler_start)
    i.rt_system_timer_init                   0x08003240   Section        0  timer.o(i.rt_system_timer_init)
    i.rt_system_timer_thread_init            0x0800324c   Section        0  timer.o(i.rt_system_timer_thread_init)
    i.rt_thread_create                       0x0800324e   Section        0  thread.o(i.rt_thread_create)
    i.rt_thread_exit                         0x08003298   Section        0  thread.o(i.rt_thread_exit)
    i.rt_thread_idle_entry                   0x080032f0   Section        0  idle.o(i.rt_thread_idle_entry)
    rt_thread_idle_entry                     0x080032f1   Thumb Code     6  idle.o(i.rt_thread_idle_entry)
    i.rt_thread_idle_excute                  0x080032f8   Section        0  idle.o(i.rt_thread_idle_excute)
    i.rt_thread_idle_init                    0x08003370   Section        0  idle.o(i.rt_thread_idle_init)
    i.rt_thread_init                         0x080033a8   Section        0  thread.o(i.rt_thread_init)
    i.rt_thread_mdelay                       0x080033d8   Section        0  thread.o(i.rt_thread_mdelay)
    i.rt_thread_resume                       0x080033e6   Section        0  thread.o(i.rt_thread_resume)
    i.rt_thread_self                         0x08003424   Section        0  thread.o(i.rt_thread_self)
    i.rt_thread_sleep                        0x08003430   Section        0  thread.o(i.rt_thread_sleep)
    i.rt_thread_startup                      0x08003470   Section        0  thread.o(i.rt_thread_startup)
    i.rt_thread_suspend                      0x0800349c   Section        0  thread.o(i.rt_thread_suspend)
    i.rt_thread_timeout                      0x080034de   Section        0  thread.o(i.rt_thread_timeout)
    i.rt_thread_yield                        0x08003500   Section        0  thread.o(i.rt_thread_yield)
    i.rt_tick_from_millisecond               0x08003560   Section        0  clock.o(i.rt_tick_from_millisecond)
    i.rt_tick_get                            0x08003594   Section        0  clock.o(i.rt_tick_get)
    i.rt_tick_increase                       0x080035a0   Section        0  clock.o(i.rt_tick_increase)
    i.rt_timer_check                         0x080035cc   Section        0  timer.o(i.rt_timer_check)
    i.rt_timer_control                       0x08003634   Section        0  timer.o(i.rt_timer_control)
    i.rt_timer_detach                        0x08003664   Section        0  timer.o(i.rt_timer_detach)
    i.rt_timer_init                          0x08003684   Section        0  timer.o(i.rt_timer_init)
    i.rt_timer_start                         0x080036ac   Section        0  timer.o(i.rt_timer_start)
    i.rt_timer_stop                          0x08003738   Section        0  timer.o(i.rt_timer_stop)
    i.rt_vsnprintf                           0x08003768   Section        0  kservice.o(i.rt_vsnprintf)
    i.rti_board_end                          0x080039e4   Section        0  components.o(i.rti_board_end)
    rti_board_end                            0x080039e5   Thumb Code     4  components.o(i.rti_board_end)
    i.rti_board_start                        0x080039e8   Section        0  components.o(i.rti_board_start)
    rti_board_start                          0x080039e9   Thumb Code     4  components.o(i.rti_board_start)
    i.rti_end                                0x080039ec   Section        0  components.o(i.rti_end)
    rti_end                                  0x080039ed   Thumb Code     4  components.o(i.rti_end)
    i.rti_start                              0x080039f0   Section        0  components.o(i.rti_start)
    rti_start                                0x080039f1   Thumb Code     4  components.o(i.rti_start)
    i.rtthread_startup                       0x080039f4   Section        0  components.o(i.rtthread_startup)
    i.skip_atoi                              0x08003a1e   Section        0  kservice.o(i.skip_atoi)
    skip_atoi                                0x08003a1f   Thumb Code    40  kservice.o(i.skip_atoi)
    i.usage_fault_track                      0x08003a48   Section        0  cpuport.o(i.usage_fault_track)
    usage_fault_track                        0x08003a49   Thumb Code   100  cpuport.o(i.usage_fault_track)
    i.version                                0x08003b18   Section        0  cmd.o(i.version)
    .constdata                               0x08003b22   Section       16  system_stm32f1xx.o(.constdata)
    .constdata                               0x08003b32   Section        8  system_stm32f1xx.o(.constdata)
    .constdata                               0x08003b3a   Section        6  cmd.o(.constdata)
    .constdata                               0x08003b40   Section        8  cmd.o(.constdata)
    .constdata                               0x08003b48   Section       14  cmd.o(.constdata)
    .constdata                               0x08003b56   Section       12  cmd.o(.constdata)
    .constdata                               0x08003b62   Section       18  cmd.o(.constdata)
    .constdata                               0x08003b74   Section        9  cmd.o(.constdata)
    .constdata                               0x08003b7d   Section       15  cmd.o(.constdata)
    .constdata                               0x08003b8c   Section       11  cmd.o(.constdata)
    .constdata                               0x08003b97   Section       17  cmd.o(.constdata)
    .constdata                               0x08003ba8   Section        5  cmd.o(.constdata)
    .constdata                               0x08003bad   Section       11  msh.o(.constdata)
    .constdata                               0x08003bb8   Section        9  msh.o(.constdata)
    .constdata                               0x08003bc1   Section       11  msh.o(.constdata)
    .constdata                               0x08003bcc   Section      290  kservice.o(.constdata)
    small_digits                             0x08003ccc   Data          17  kservice.o(.constdata)
    large_digits                             0x08003cdd   Data          17  kservice.o(.constdata)
    .constdata                               0x08003cee   Section        9  mem.o(.constdata)
    .conststring                             0x08003cf8   Section       68  cmd.o(.conststring)
    .rti_fn.0                                0x08003d3c   Section        4  components.o(.rti_fn.0)
    __tagsym$$used                           0x08003d3c   Number         0  components.o(.rti_fn.0)
    .rti_fn.0.end                            0x08003d40   Section        4  components.o(.rti_fn.0.end)
    __tagsym$$used                           0x08003d40   Number         0  components.o(.rti_fn.0.end)
    .rti_fn.1.end                            0x08003d44   Section        4  components.o(.rti_fn.1.end)
    __tagsym$$used                           0x08003d44   Number         0  components.o(.rti_fn.1.end)
    .rti_fn.6                                0x08003d48   Section        4  shell.o(.rti_fn.6)
    __tagsym$$used                           0x08003d48   Number         0  shell.o(.rti_fn.6)
    .rti_fn.6.end                            0x08003d4c   Section        4  components.o(.rti_fn.6.end)
    __tagsym$$used                           0x08003d4c   Number         0  components.o(.rti_fn.6.end)
    FSymTab                                  0x08003d50   Section       80  cmd.o(FSymTab)
    __tagsym$$used                           0x08003d50   Number         0  cmd.o(FSymTab)
    __tagsym$$used                           0x08003d58   Number         0  cmd.o(FSymTab)
    __tagsym$$used                           0x08003d60   Number         0  cmd.o(FSymTab)
    __tagsym$$used                           0x08003d68   Number         0  cmd.o(FSymTab)
    __tagsym$$used                           0x08003d70   Number         0  cmd.o(FSymTab)
    __tagsym$$used                           0x08003d78   Number         0  cmd.o(FSymTab)
    __tagsym$$used                           0x08003d80   Number         0  cmd.o(FSymTab)
    __tagsym$$used                           0x08003d88   Number         0  cmd.o(FSymTab)
    __tagsym$$used                           0x08003d90   Number         0  cmd.o(FSymTab)
    __tagsym$$used                           0x08003d98   Number         0  cmd.o(FSymTab)
    FSymTab                                  0x08003da0   Section       24  msh.o(FSymTab)
    __tagsym$$used                           0x08003da0   Number         0  msh.o(FSymTab)
    __tagsym$$used                           0x08003da8   Number         0  msh.o(FSymTab)
    __tagsym$$used                           0x08003db0   Number         0  msh.o(FSymTab)
    FSymTab                                  0x08003db8   Section        8  mem.o(FSymTab)
    __tagsym$$used                           0x08003db8   Number         0  mem.o(FSymTab)
    .data                                    0x20000000   Section        2  main.o(.data)
    .data                                    0x20000004   Section       12  stm32f1xx_hal.o(.data)
    .data                                    0x20000010   Section        4  system_stm32f1xx.o(.data)
    .data                                    0x20000014   Section       24  shell.o(.data)
    finsh_prompt_custom                      0x20000024   Data           4  shell.o(.data)
    .data                                    0x2000002c   Section        4  clock.o(.data)
    rt_tick                                  0x2000002c   Data           4  clock.o(.data)
    .data                                    0x20000030   Section        1  irq.o(.data)
    .data                                    0x20000034   Section       24  mem.o(.data)
    heap_ptr                                 0x20000034   Data           4  mem.o(.data)
    heap_end                                 0x20000038   Data           4  mem.o(.data)
    lfree                                    0x2000003c   Data           4  mem.o(.data)
    mem_size_aligned                         0x20000040   Data           4  mem.o(.data)
    used_mem                                 0x20000044   Data           4  mem.o(.data)
    max_mem                                  0x20000048   Data           4  mem.o(.data)
    .data                                    0x2000004c   Section       48  object.o(.data)
    rt_object_container                      0x2000004c   Data          48  object.o(.data)
    .data                                    0x2000007c   Section       20  scheduler.o(.data)
    rt_scheduler_lock_nest                   0x2000007e   Data           2  scheduler.o(.data)
    .data                                    0x20000090   Section       12  timer.o(.data)
    random_nr                                0x20000090   Data           4  timer.o(.data)
    rt_timer_list                            0x20000094   Data           8  timer.o(.data)
    .data                                    0x2000009c   Section        4  cpuport.o(.data)
    rt_exception_hook                        0x2000009c   Data           4  cpuport.o(.data)
    .data                                    0x200000a0   Section        4  cpuport.o(.data)
    .data                                    0x200000a4   Section        4  cpuport.o(.data)
    .data                                    0x200000a8   Section        4  cpuport.o(.data)
    .bss                                     0x200000ac   Section      752  main.o(.bss)
    led1_thread                              0x200000ac   Data         120  main.o(.bss)
    led2_thread                              0x20000124   Data         120  main.o(.bss)
    led1_thread_stack                        0x2000019c   Data         256  main.o(.bss)
    led2_thread_stack                        0x2000029c   Data         256  main.o(.bss)
    .bss                                     0x2000039c   Section       64  usart.o(.bss)
    .bss                                     0x200003dc   Section      129  shell.o(.bss)
    finsh_prompt                             0x200003dc   Data         129  shell.o(.bss)
    .bss                                     0x20000460   Section     4096  board.o(.bss)
    rt_heap                                  0x20000460   Data        4096  board.o(.bss)
    .bss                                     0x20001460   Section      376  idle.o(.bss)
    idle                                     0x20001460   Data         120  idle.o(.bss)
    rt_thread_stack                          0x200014d8   Data         256  idle.o(.bss)
    .bss                                     0x200015d8   Section      128  kservice.o(.bss)
    rt_log_buf                               0x200015d8   Data         128  kservice.o(.bss)
    .bss                                     0x20001658   Section       32  mem.o(.bss)
    heap_sem                                 0x20001658   Data          32  mem.o(.bss)
    .bss                                     0x20001678   Section      256  scheduler.o(.bss)
    STACK                                    0x20001778   Section     1024  startup_stm32f103xe.o(STACK)

    Global Symbols

    Symbol Name                              Value     Ov Type        Size  Object(Section)

    BuildAttributes$$THM_ISAv4$P$D$K$B$S$PE$A:L22UL41UL21$X:L11$S22US41US21$IEEE1$IW$USESV6$~STKCKD$USESV7$~SHL$OSPACE$EBA8$MICROLIB$REQ8$PRES8$EABIv2 0x00000000   Number         0  anon$$obj.o ABSOLUTE
    __ARM_use_no_argv                        0x00000000   Number         0  main.o ABSOLUTE
    __cpp_initialize__aeabi_                  - Undefined Weak Reference
    __cxa_finalize                            - Undefined Weak Reference
    __decompress                              - Undefined Weak Reference
    _clock_init                               - Undefined Weak Reference
    _microlib_exit                            - Undefined Weak Reference
    __Vectors_Size                           0x00000130   Number         0  startup_stm32f103xe.o ABSOLUTE
    __Vectors                                0x08000000   Data           4  startup_stm32f103xe.o(RESET)
    __Vectors_End                            0x08000130   Data           0  startup_stm32f103xe.o(RESET)
    __main                                   0x08000131   Thumb Code     0  entry.o(.ARM.Collect$$$$00000000)
    _main_stk                                0x08000131   Thumb Code     0  entry2.o(.ARM.Collect$$$$00000001)
    _main_scatterload                        0x08000135   Thumb Code     0  entry5.o(.ARM.Collect$$$$00000004)
    __main_after_scatterload                 0x08000139   Thumb Code     0  entry5.o(.ARM.Collect$$$$00000004)
    _main_clock                              0x08000139   Thumb Code     0  entry7b.o(.ARM.Collect$$$$00000008)
    _main_cpp_init                           0x08000139   Thumb Code     0  entry8b.o(.ARM.Collect$$$$0000000A)
    _main_init                               0x08000139   Thumb Code     0  entry9a.o(.ARM.Collect$$$$0000000B)
    __rt_final_cpp                           0x08000141   Thumb Code     0  entry10a.o(.ARM.Collect$$$$0000000D)
    __rt_final_exit                          0x08000141   Thumb Code     0  entry11a.o(.ARM.Collect$$$$0000000F)
    Reset_Handler                            0x08000145   Thumb Code     8  startup_stm32f103xe.o(.text)
    ADC1_2_IRQHandler                        0x0800015f   Thumb Code     0  startup_stm32f103xe.o(.text)
    ADC3_IRQHandler                          0x0800015f   Thumb Code     0  startup_stm32f103xe.o(.text)
    CAN1_RX1_IRQHandler                      0x0800015f   Thumb Code     0  startup_stm32f103xe.o(.text)
    CAN1_SCE_IRQHandler                      0x0800015f   Thumb Code     0  startup_stm32f103xe.o(.text)
    DMA1_Channel1_IRQHandler                 0x0800015f   Thumb Code     0  startup_stm32f103xe.o(.text)
    DMA1_Channel2_IRQHandler                 0x0800015f   Thumb Code     0  startup_stm32f103xe.o(.text)
    DMA1_Channel3_IRQHandler                 0x0800015f   Thumb Code     0  startup_stm32f103xe.o(.text)
    DMA1_Channel4_IRQHandler                 0x0800015f   Thumb Code     0  startup_stm32f103xe.o(.text)
    DMA1_Channel5_IRQHandler                 0x0800015f   Thumb Code     0  startup_stm32f103xe.o(.text)
    DMA1_Channel6_IRQHandler                 0x0800015f   Thumb Code     0  startup_stm32f103xe.o(.text)
    DMA1_Channel7_IRQHandler                 0x0800015f   Thumb Code     0  startup_stm32f103xe.o(.text)
    DMA2_Channel1_IRQHandler                 0x0800015f   Thumb Code     0  startup_stm32f103xe.o(.text)
    DMA2_Channel2_IRQHandler                 0x0800015f   Thumb Code     0  startup_stm32f103xe.o(.text)
    DMA2_Channel3_IRQHandler                 0x0800015f   Thumb Code     0  startup_stm32f103xe.o(.text)
    DMA2_Channel4_5_IRQHandler               0x0800015f   Thumb Code     0  startup_stm32f103xe.o(.text)
    EXTI0_IRQHandler                         0x0800015f   Thumb Code     0  startup_stm32f103xe.o(.text)
    EXTI15_10_IRQHandler                     0x0800015f   Thumb Code     0  startup_stm32f103xe.o(.text)
    EXTI1_IRQHandler                         0x0800015f   Thumb Code     0  startup_stm32f103xe.o(.text)
    EXTI2_IRQHandler                         0x0800015f   Thumb Code     0  startup_stm32f103xe.o(.text)
    EXTI3_IRQHandler                         0x0800015f   Thumb Code     0  startup_stm32f103xe.o(.text)
    EXTI4_IRQHandler                         0x0800015f   Thumb Code     0  startup_stm32f103xe.o(.text)
    EXTI9_5_IRQHandler                       0x0800015f   Thumb Code     0  startup_stm32f103xe.o(.text)
    FLASH_IRQHandler                         0x0800015f   Thumb Code     0  startup_stm32f103xe.o(.text)
    FSMC_IRQHandler                          0x0800015f   Thumb Code     0  startup_stm32f103xe.o(.text)
    I2C1_ER_IRQHandler                       0x0800015f   Thumb Code     0  startup_stm32f103xe.o(.text)
    I2C1_EV_IRQHandler                       0x0800015f   Thumb Code     0  startup_stm32f103xe.o(.text)
    I2C2_ER_IRQHandler                       0x0800015f   Thumb Code     0  startup_stm32f103xe.o(.text)
    I2C2_EV_IRQHandler                       0x0800015f   Thumb Code     0  startup_stm32f103xe.o(.text)
    PVD_IRQHandler                           0x0800015f   Thumb Code     0  startup_stm32f103xe.o(.text)
    RCC_IRQHandler                           0x0800015f   Thumb Code     0  startup_stm32f103xe.o(.text)
    RTC_Alarm_IRQHandler                     0x0800015f   Thumb Code     0  startup_stm32f103xe.o(.text)
    RTC_IRQHandler                           0x0800015f   Thumb Code     0  startup_stm32f103xe.o(.text)
    SDIO_IRQHandler                          0x0800015f   Thumb Code     0  startup_stm32f103xe.o(.text)
    SPI1_IRQHandler                          0x0800015f   Thumb Code     0  startup_stm32f103xe.o(.text)
    SPI2_IRQHandler                          0x0800015f   Thumb Code     0  startup_stm32f103xe.o(.text)
    SPI3_IRQHandler                          0x0800015f   Thumb Code     0  startup_stm32f103xe.o(.text)
    TAMPER_IRQHandler                        0x0800015f   Thumb Code     0  startup_stm32f103xe.o(.text)
    TIM1_BRK_IRQHandler                      0x0800015f   Thumb Code     0  startup_stm32f103xe.o(.text)
    TIM1_CC_IRQHandler                       0x0800015f   Thumb Code     0  startup_stm32f103xe.o(.text)
    TIM1_TRG_COM_IRQHandler                  0x0800015f   Thumb Code     0  startup_stm32f103xe.o(.text)
    TIM1_UP_IRQHandler                       0x0800015f   Thumb Code     0  startup_stm32f103xe.o(.text)
    TIM2_IRQHandler                          0x0800015f   Thumb Code     0  startup_stm32f103xe.o(.text)
    TIM3_IRQHandler                          0x0800015f   Thumb Code     0  startup_stm32f103xe.o(.text)
    TIM4_IRQHandler                          0x0800015f   Thumb Code     0  startup_stm32f103xe.o(.text)
    TIM5_IRQHandler                          0x0800015f   Thumb Code     0  startup_stm32f103xe.o(.text)
    TIM6_IRQHandler                          0x0800015f   Thumb Code     0  startup_stm32f103xe.o(.text)
    TIM7_IRQHandler                          0x0800015f   Thumb Code     0  startup_stm32f103xe.o(.text)
    TIM8_BRK_IRQHandler                      0x0800015f   Thumb Code     0  startup_stm32f103xe.o(.text)
    TIM8_CC_IRQHandler                       0x0800015f   Thumb Code     0  startup_stm32f103xe.o(.text)
    TIM8_TRG_COM_IRQHandler                  0x0800015f   Thumb Code     0  startup_stm32f103xe.o(.text)
    TIM8_UP_IRQHandler                       0x0800015f   Thumb Code     0  startup_stm32f103xe.o(.text)
    UART4_IRQHandler                         0x0800015f   Thumb Code     0  startup_stm32f103xe.o(.text)
    UART5_IRQHandler                         0x0800015f   Thumb Code     0  startup_stm32f103xe.o(.text)
    USART2_IRQHandler                        0x0800015f   Thumb Code     0  startup_stm32f103xe.o(.text)
    USART3_IRQHandler                        0x0800015f   Thumb Code     0  startup_stm32f103xe.o(.text)
    USBWakeUp_IRQHandler                     0x0800015f   Thumb Code     0  startup_stm32f103xe.o(.text)
    USB_HP_CAN1_TX_IRQHandler                0x0800015f   Thumb Code     0  startup_stm32f103xe.o(.text)
    USB_LP_CAN1_RX0_IRQHandler               0x0800015f   Thumb Code     0  startup_stm32f103xe.o(.text)
    WWDG_IRQHandler                          0x0800015f   Thumb Code     0  startup_stm32f103xe.o(.text)
    rt_hw_interrupt_disable                  0x08000169   Thumb Code     8  context_rvds.o(.text)
    rt_hw_interrupt_enable                   0x08000171   Thumb Code     6  context_rvds.o(.text)
    rt_hw_context_switch                     0x08000177   Thumb Code    32  context_rvds.o(.text)
    rt_hw_context_switch_interrupt           0x08000177   Thumb Code     0  context_rvds.o(.text)
    PendSV_Handler                           0x08000197   Thumb Code    60  context_rvds.o(.text)
    rt_hw_context_switch_to                  0x080001d3   Thumb Code    58  context_rvds.o(.text)
    rt_hw_interrupt_thread_switch            0x0800020d   Thumb Code     2  context_rvds.o(.text)
    HardFault_Handler                        0x0800020f   Thumb Code    52  context_rvds.o(.text)
    __aeabi_memcpy                           0x0800025d   Thumb Code    36  memcpya.o(.text)
    __aeabi_memcpy4                          0x0800025d   Thumb Code     0  memcpya.o(.text)
    __aeabi_memcpy8                          0x0800025d   Thumb Code     0  memcpya.o(.text)
    __aeabi_memset                           0x08000281   Thumb Code    14  memseta.o(.text)
    __aeabi_memset4                          0x08000281   Thumb Code     0  memseta.o(.text)
    __aeabi_memset8                          0x08000281   Thumb Code     0  memseta.o(.text)
    __aeabi_memclr                           0x0800028f   Thumb Code     4  memseta.o(.text)
    __aeabi_memclr4                          0x0800028f   Thumb Code     0  memseta.o(.text)
    __aeabi_memclr8                          0x0800028f   Thumb Code     0  memseta.o(.text)
    _memset$wrapper                          0x08000293   Thumb Code    18  memseta.o(.text)
    strcat                                   0x080002a5   Thumb Code    24  strcat.o(.text)
    strncpy                                  0x080002bd   Thumb Code    24  strncpy.o(.text)
    strlen                                   0x080002d5   Thumb Code    14  strlen.o(.text)
    strcpy                                   0x080002e3   Thumb Code    18  strcpy.o(.text)
    strncmp                                  0x080002f5   Thumb Code    30  strncmp.o(.text)
    __scatterload                            0x08000315   Thumb Code    28  init.o(.text)
    __scatterload_rt2                        0x08000315   Thumb Code     0  init.o(.text)
    main                                     0x08000339   Thumb Code    10  components.o(i.$Sub$$main)
    BusFault_Handler                         0x08000343   Thumb Code     2  stm32f1xx_it.o(i.BusFault_Handler)
    DebugMon_Handler                         0x08000345   Thumb Code     2  stm32f1xx_it.o(i.DebugMon_Handler)
    Error_Handler                            0x08000347   Thumb Code     2  main.o(i.Error_Handler)
    HAL_DMA_Abort_IT                         0x08000349   Thumb Code   296  stm32f1xx_hal_dma.o(i.HAL_DMA_Abort_IT)
    HAL_GPIO_Init                            0x08000479   Thumb Code   462  stm32f1xx_hal_gpio.o(i.HAL_GPIO_Init)
    HAL_GPIO_WritePin                        0x08000671   Thumb Code    10  stm32f1xx_hal_gpio.o(i.HAL_GPIO_WritePin)
    HAL_GetTick                              0x0800067d   Thumb Code     6  stm32f1xx_hal.o(i.HAL_GetTick)
    HAL_Init                                 0x08000689   Thumb Code    32  stm32f1xx_hal.o(i.HAL_Init)
    HAL_InitTick                             0x080006ad   Thumb Code    54  stm32f1xx_hal.o(i.HAL_InitTick)
    HAL_MspInit                              0x080006ed   Thumb Code    52  stm32f1xx_hal_msp.o(i.HAL_MspInit)
    HAL_NVIC_EnableIRQ                       0x08000729   Thumb Code    26  stm32f1xx_hal_cortex.o(i.HAL_NVIC_EnableIRQ)
    HAL_NVIC_SetPriority                     0x08000745   Thumb Code    60  stm32f1xx_hal_cortex.o(i.HAL_NVIC_SetPriority)
    HAL_NVIC_SetPriorityGrouping             0x08000785   Thumb Code    26  stm32f1xx_hal_cortex.o(i.HAL_NVIC_SetPriorityGrouping)
    HAL_RCC_ClockConfig                      0x080007a9   Thumb Code   280  stm32f1xx_hal_rcc.o(i.HAL_RCC_ClockConfig)
    HAL_RCC_GetPCLK1Freq                     0x080008d5   Thumb Code    20  stm32f1xx_hal_rcc.o(i.HAL_RCC_GetPCLK1Freq)
    HAL_RCC_GetPCLK2Freq                     0x080008f5   Thumb Code    20  stm32f1xx_hal_rcc.o(i.HAL_RCC_GetPCLK2Freq)
    HAL_RCC_GetSysClockFreq                  0x08000915   Thumb Code    74  stm32f1xx_hal_rcc.o(i.HAL_RCC_GetSysClockFreq)
    HAL_RCC_OscConfig                        0x08000981   Thumb Code   778  stm32f1xx_hal_rcc.o(i.HAL_RCC_OscConfig)
    HAL_SYSTICK_Config                       0x08000ca1   Thumb Code    40  stm32f1xx_hal_cortex.o(i.HAL_SYSTICK_Config)
    HAL_UART_ErrorCallback                   0x08000cc9   Thumb Code     2  stm32f1xx_hal_uart.o(i.HAL_UART_ErrorCallback)
    HAL_UART_IRQHandler                      0x08000ccd   Thumb Code   266  stm32f1xx_hal_uart.o(i.HAL_UART_IRQHandler)
    HAL_UART_Init                            0x08000ddd   Thumb Code    98  stm32f1xx_hal_uart.o(i.HAL_UART_Init)
    HAL_UART_MspInit                         0x08000e41   Thumb Code   116  usart.o(i.HAL_UART_MspInit)
    HAL_UART_RxCpltCallback                  0x08000ec1   Thumb Code     2  stm32f1xx_hal_uart.o(i.HAL_UART_RxCpltCallback)
    HAL_UART_Transmit                        0x08000ec3   Thumb Code   186  stm32f1xx_hal_uart.o(i.HAL_UART_Transmit)
    HAL_UART_TxCpltCallback                  0x08000f7d   Thumb Code     2  stm32f1xx_hal_uart.o(i.HAL_UART_TxCpltCallback)
    MX_GPIO_Init                             0x08000f81   Thumb Code   124  gpio.o(i.MX_GPIO_Init)
    MX_USART1_UART_Init                      0x08001009   Thumb Code    48  usart.o(i.MX_USART1_UART_Init)
    MemManage_Handler                        0x08001041   Thumb Code     2  stm32f1xx_it.o(i.MemManage_Handler)
    NMI_Handler                              0x08001043   Thumb Code     2  stm32f1xx_it.o(i.NMI_Handler)
    SVC_Handler                              0x08001045   Thumb Code     2  stm32f1xx_it.o(i.SVC_Handler)
    SysTick_Handler                          0x08001047   Thumb Code    18  board.o(i.SysTick_Handler)
    SystemClock_Config                       0x08001059   Thumb Code    66  main.o(i.SystemClock_Config)
    SystemCoreClockUpdate                    0x0800109d   Thumb Code    82  system_stm32f1xx.o(i.SystemCoreClockUpdate)
    SystemInit                               0x08001105   Thumb Code    56  system_stm32f1xx.o(i.SystemInit)
    USART1_IRQHandler                        0x08001391   Thumb Code     6  stm32f1xx_it.o(i.USART1_IRQHandler)
    UsageFault_Handler                       0x0800139d   Thumb Code     2  stm32f1xx_it.o(i.UsageFault_Handler)
    __rt_ffs                                 0x080013c1   Thumb Code    62  kservice.o(i.__rt_ffs)
    __scatterload_copy                       0x08001405   Thumb Code    14  handlers.o(i.__scatterload_copy)
    __scatterload_null                       0x08001413   Thumb Code     2  handlers.o(i.__scatterload_null)
    __scatterload_zeroinit                   0x08001415   Thumb Code    14  handlers.o(i.__scatterload_zeroinit)
    cmd_free                                 0x0800166d   Thumb Code    10  msh.o(i.cmd_free)
    cmd_ps                                   0x08001677   Thumb Code    10  msh.o(i.cmd_ps)
    finsh_get_prompt                         0x08001681   Thumb Code    66  shell.o(i.finsh_get_prompt)
    finsh_set_prompt_mode                    0x080016e1   Thumb Code    16  shell.o(i.finsh_set_prompt_mode)
    finsh_system_function_init               0x080016f5   Thumb Code     8  shell.o(i.finsh_system_function_init)
    finsh_system_init                        0x08001701   Thumb Code    90  shell.o(i.finsh_system_init)
    finsh_thread_entry                       0x08001795   Thumb Code   612  shell.o(i.finsh_thread_entry)
    hello                                    0x08001a99   Thumb Code    12  cmd.o(i.hello)
    list                                     0x08001b89   Thumb Code    48  cmd.o(i.list)
    list_mem                                 0x08001c69   Thumb Code    32  mem.o(i.list_mem)
    list_sem                                 0x08001cd5   Thumb Code   214  cmd.o(i.list_sem)
    list_thread                              0x08001e15   Thumb Code   250  cmd.o(i.list_thread)
    list_timer                               0x08001fcd   Thumb Code   160  cmd.o(i.list_timer)
    $Super$$main                             0x0800210d   Thumb Code   100  main.o(i.main)
    main_thread_entry                        0x08002191   Thumb Code    14  components.o(i.main_thread_entry)
    msh_auto_complete                        0x08002279   Thumb Code   150  msh.o(i.msh_auto_complete)
    msh_exec                                 0x08002325   Thumb Code    74  msh.o(i.msh_exec)
    msh_help                                 0x08002389   Thumb Code    56  msh.o(i.msh_help)
    msh_is_used                              0x080023f5   Thumb Code     4  msh.o(i.msh_is_used)
    rt_application_init                      0x08002665   Thumb Code    32  components.o(i.rt_application_init)
    rt_calloc                                0x08002691   Thumb Code    26  mem.o(i.rt_calloc)
    rt_components_board_init                 0x080026ad   Thumb Code    20  components.o(i.rt_components_board_init)
    rt_components_init                       0x080026c9   Thumb Code    20  components.o(i.rt_components_init)
    rt_enter_critical                        0x080026e5   Thumb Code    22  scheduler.o(i.rt_enter_critical)
    rt_exit_critical                         0x08002701   Thumb Code    52  scheduler.o(i.rt_exit_critical)
    rt_free                                  0x08002739   Thumb Code   112  mem.o(i.rt_free)
    rt_heap_begin_get                        0x080027fd   Thumb Code     4  board.o(i.rt_heap_begin_get)
    rt_heap_end_get                          0x08002805   Thumb Code     4  board.o(i.rt_heap_end_get)
    rt_hw_board_init                         0x0800280d   Thumb Code    78  board.o(i.rt_hw_board_init)
    rt_hw_console_getchar                    0x08002865   Thumb Code    48  board.o(i.rt_hw_console_getchar)
    rt_hw_console_output                     0x08002899   Thumb Code    58  board.o(i.rt_hw_console_output)
    rt_hw_hard_fault_exception               0x080028d9   Thumb Code   186  cpuport.o(i.rt_hw_hard_fault_exception)
    rt_hw_stack_init                         0x08002ad5   Thumb Code    52  cpuport.o(i.rt_hw_stack_init)
    rt_interrupt_enter                       0x08002b0d   Thumb Code    22  irq.o(i.rt_interrupt_enter)
    rt_interrupt_leave                       0x08002b29   Thumb Code    22  irq.o(i.rt_interrupt_leave)
    rt_kprintf                               0x08002b45   Thumb Code    28  kservice.o(i.rt_kprintf)
    rt_malloc                                0x08002bd5   Thumb Code   232  mem.o(i.rt_malloc)
    rt_memmove                               0x08002cc5   Thumb Code    50  kservice.o(i.rt_memmove)
    rt_memset                                0x08002cf9   Thumb Code    70  kservice.o(i.rt_memset)
    rt_object_allocate                       0x08002d3f   Thumb Code    80  object.o(i.rt_object_allocate)
    rt_object_delete                         0x08002d8f   Thumb Code    38  object.o(i.rt_object_delete)
    rt_object_detach                         0x08002db5   Thumb Code    32  object.o(i.rt_object_detach)
    rt_object_get_information                0x08002dd5   Thumb Code    30  object.o(i.rt_object_get_information)
    rt_object_init                           0x08002df9   Thumb Code    80  object.o(i.rt_object_init)
    rt_object_is_systemobject                0x08002e49   Thumb Code    14  object.o(i.rt_object_is_systemobject)
    rt_schedule                              0x08002e59   Thumb Code    76  scheduler.o(i.rt_schedule)
    rt_schedule_insert_thread                0x08002eb1   Thumb Code    70  scheduler.o(i.rt_schedule_insert_thread)
    rt_schedule_remove_thread                0x08002f01   Thumb Code    64  scheduler.o(i.rt_schedule_remove_thread)
    rt_sem_init                              0x08002f49   Thumb Code    36  ipc.o(i.rt_sem_init)
    rt_sem_release                           0x08002f6d   Thumb Code    54  ipc.o(i.rt_sem_release)
    rt_sem_take                              0x08002fa3   Thumb Code   174  ipc.o(i.rt_sem_take)
    rt_show_version                          0x08003051   Thumb Code    40  kservice.o(i.rt_show_version)
    rt_strlen                                0x08003101   Thumb Code    16  kservice.o(i.rt_strlen)
    rt_strncpy                               0x08003111   Thumb Code    38  kservice.o(i.rt_strncpy)
    rt_system_heap_init                      0x08003139   Thumb Code    96  mem.o(i.rt_system_heap_init)
    rt_system_scheduler_init                 0x080031e5   Thumb Code    44  scheduler.o(i.rt_system_scheduler_init)
    rt_system_scheduler_start                0x08003219   Thumb Code    32  scheduler.o(i.rt_system_scheduler_start)
    rt_system_timer_init                     0x08003241   Thumb Code     8  timer.o(i.rt_system_timer_init)
    rt_system_timer_thread_init              0x0800324d   Thumb Code     2  timer.o(i.rt_system_timer_thread_init)
    rt_thread_create                         0x0800324f   Thumb Code    72  thread.o(i.rt_thread_create)
    rt_thread_exit                           0x08003299   Thumb Code    78  thread.o(i.rt_thread_exit)
    rt_thread_idle_excute                    0x080032f9   Thumb Code   114  idle.o(i.rt_thread_idle_excute)
    rt_thread_idle_init                      0x08003371   Thumb Code    40  idle.o(i.rt_thread_idle_init)
    rt_thread_init                           0x080033a9   Thumb Code    48  thread.o(i.rt_thread_init)
    rt_thread_mdelay                         0x080033d9   Thumb Code    14  thread.o(i.rt_thread_mdelay)
    rt_thread_resume                         0x080033e7   Thumb Code    60  thread.o(i.rt_thread_resume)
    rt_thread_self                           0x08003425   Thumb Code     6  thread.o(i.rt_thread_self)
    rt_thread_sleep                          0x08003431   Thumb Code    60  thread.o(i.rt_thread_sleep)
    rt_thread_startup                        0x08003471   Thumb Code    40  thread.o(i.rt_thread_startup)
    rt_thread_suspend                        0x0800349d   Thumb Code    66  thread.o(i.rt_thread_suspend)
    rt_thread_timeout                        0x080034df   Thumb Code    32  thread.o(i.rt_thread_timeout)
    rt_thread_yield                          0x08003501   Thumb Code    86  thread.o(i.rt_thread_yield)
    rt_tick_from_millisecond                 0x08003561   Thumb Code    50  clock.o(i.rt_tick_from_millisecond)
    rt_tick_get                              0x08003595   Thumb Code     6  clock.o(i.rt_tick_get)
    rt_tick_increase                         0x080035a1   Thumb Code    38  clock.o(i.rt_tick_increase)
    rt_timer_check                           0x080035cd   Thumb Code    98  timer.o(i.rt_timer_check)
    rt_timer_control                         0x08003635   Thumb Code    48  timer.o(i.rt_timer_control)
    rt_timer_detach                          0x08003665   Thumb Code    32  timer.o(i.rt_timer_detach)
    rt_timer_init                            0x08003685   Thumb Code    40  timer.o(i.rt_timer_init)
    rt_timer_start                           0x080036ad   Thumb Code   136  timer.o(i.rt_timer_start)
    rt_timer_stop                            0x08003739   Thumb Code    46  timer.o(i.rt_timer_stop)
    rt_vsnprintf                             0x08003769   Thumb Code   626  kservice.o(i.rt_vsnprintf)
    rtthread_startup                         0x080039f5   Thumb Code    42  components.o(i.rtthread_startup)
    version                                  0x08003b19   Thumb Code    10  cmd.o(i.version)
    AHBPrescTable                            0x08003b22   Data          16  system_stm32f1xx.o(.constdata)
    APBPrescTable                            0x08003b32   Data           8  system_stm32f1xx.o(.constdata)
    __fsym_hello_name                        0x08003b3a   Data           6  cmd.o(.constdata)
    __fsym_version_name                      0x08003b40   Data           8  cmd.o(.constdata)
    __fsym___cmd_version_name                0x08003b48   Data          14  cmd.o(.constdata)
    __fsym_list_thread_name                  0x08003b56   Data          12  cmd.o(.constdata)
    __fsym___cmd_list_thread_name            0x08003b62   Data          18  cmd.o(.constdata)
    __fsym_list_sem_name                     0x08003b74   Data           9  cmd.o(.constdata)
    __fsym___cmd_list_sem_name               0x08003b7d   Data          15  cmd.o(.constdata)
    __fsym_list_timer_name                   0x08003b8c   Data          11  cmd.o(.constdata)
    __fsym___cmd_list_timer_name             0x08003b97   Data          17  cmd.o(.constdata)
    __fsym_list_name                         0x08003ba8   Data           5  cmd.o(.constdata)
    __fsym___cmd_help_name                   0x08003bad   Data          11  msh.o(.constdata)
    __fsym___cmd_ps_name                     0x08003bb8   Data           9  msh.o(.constdata)
    __fsym___cmd_free_name                   0x08003bc1   Data          11  msh.o(.constdata)
    __lowest_bit_bitmap                      0x08003bcc   Data         256  kservice.o(.constdata)
    __fsym_list_mem_name                     0x08003cee   Data           9  mem.o(.constdata)
    __rt_init_rti_start                      0x08003d3c   Data           4  components.o(.rti_fn.0)
    __rt_init_rti_board_start                0x08003d40   Data           4  components.o(.rti_fn.0.end)
    __rt_init_rti_board_end                  0x08003d44   Data           4  components.o(.rti_fn.1.end)
    __rt_init_finsh_system_init              0x08003d48   Data           4  shell.o(.rti_fn.6)
    __rt_init_rti_end                        0x08003d4c   Data           4  components.o(.rti_fn.6.end)
    FSymTab$$Base                            0x08003d50   Number         0  cmd.o(FSymTab)
    __fsym_hello                             0x08003d50   Data           8  cmd.o(FSymTab)
    __fsym_version                           0x08003d58   Data           8  cmd.o(FSymTab)
    __fsym___cmd_version                     0x08003d60   Data           8  cmd.o(FSymTab)
    __fsym_list_thread                       0x08003d68   Data           8  cmd.o(FSymTab)
    __fsym___cmd_list_thread                 0x08003d70   Data           8  cmd.o(FSymTab)
    __fsym_list_sem                          0x08003d78   Data           8  cmd.o(FSymTab)
    __fsym___cmd_list_sem                    0x08003d80   Data           8  cmd.o(FSymTab)
    __fsym_list_timer                        0x08003d88   Data           8  cmd.o(FSymTab)
    __fsym___cmd_list_timer                  0x08003d90   Data           8  cmd.o(FSymTab)
    __fsym_list                              0x08003d98   Data           8  cmd.o(FSymTab)
    __fsym___cmd_help                        0x08003da0   Data           8  msh.o(FSymTab)
    __fsym___cmd_ps                          0x08003da8   Data           8  msh.o(FSymTab)
    __fsym___cmd_free                        0x08003db0   Data           8  msh.o(FSymTab)
    __fsym_list_mem                          0x08003db8   Data           8  mem.o(FSymTab)
    FSymTab$$Limit                           0x08003dc0   Number         0  mem.o(FSymTab)
    Region$$Table$$Base                      0x08003dc0   Number         0  anon$$obj.o(Region$$Table)
    Region$$Table$$Limit                     0x08003de0   Number         0  anon$$obj.o(Region$$Table)
    flag1                                    0x20000000   Data           1  main.o(.data)
    flag2                                    0x20000001   Data           1  main.o(.data)
    uwTickFreq                               0x20000004   Data           1  stm32f1xx_hal.o(.data)
    uwTickPrio                               0x20000008   Data           4  stm32f1xx_hal.o(.data)
    uwTick                                   0x2000000c   Data           4  stm32f1xx_hal.o(.data)
    SystemCoreClock                          0x20000010   Data           4  system_stm32f1xx.o(.data)
    _syscall_table_begin                     0x20000014   Data           4  shell.o(.data)
    _syscall_table_end                       0x20000018   Data           4  shell.o(.data)
    _sysvar_table_begin                      0x2000001c   Data           4  shell.o(.data)
    _sysvar_table_end                        0x20000020   Data           4  shell.o(.data)
    shell                                    0x20000028   Data           4  shell.o(.data)
    rt_interrupt_nest                        0x20000030   Data           1  irq.o(.data)
    rt_current_priority                      0x2000007c   Data           1  scheduler.o(.data)
    rt_current_thread                        0x20000080   Data           4  scheduler.o(.data)
    rt_thread_ready_priority_group           0x20000084   Data           4  scheduler.o(.data)
    rt_thread_defunct                        0x20000088   Data           8  scheduler.o(.data)
    rt_interrupt_from_thread                 0x200000a0   Data           4  cpuport.o(.data)
    rt_interrupt_to_thread                   0x200000a4   Data           4  cpuport.o(.data)
    rt_thread_switch_interrupt_flag          0x200000a8   Data           4  cpuport.o(.data)
    huart1                                   0x2000039c   Data          64  usart.o(.bss)
    rt_thread_priority_table                 0x20001678   Data         256  scheduler.o(.bss)
    __initial_sp                             0x20001b78   Data           0  startup_stm32f103xe.o(STACK)



==============================================================================

Memory Map of the image

  Image Entry point : 0x08000131

  Load Region LR_IROM1 (Base: 0x08000000, Size: 0x00003e8c, Max: 0x00040000, ABSOLUTE)

    Execution Region ER_IROM1 (Exec base: 0x08000000, Load base: 0x08000000, Size: 0x00003de0, Max: 0x00040000, ABSOLUTE)

    Exec Addr    Load Addr    Size         Type   Attr      Idx    E Section Name        Object

    0x08000000   0x08000000   0x00000130   Data   RO            3    RESET               startup_stm32f103xe.o
    0x08000130   0x08000130   0x00000000   Code   RO         3035  * .ARM.Collect$$$$00000000  mc_w.l(entry.o)
    0x08000130   0x08000130   0x00000004   Code   RO         3056    .ARM.Collect$$$$00000001  mc_w.l(entry2.o)
    0x08000134   0x08000134   0x00000004   Code   RO         3059    .ARM.Collect$$$$00000004  mc_w.l(entry5.o)
    0x08000138   0x08000138   0x00000000   Code   RO         3061    .ARM.Collect$$$$00000008  mc_w.l(entry7b.o)
    0x08000138   0x08000138   0x00000000   Code   RO         3063    .ARM.Collect$$$$0000000A  mc_w.l(entry8b.o)
    0x08000138   0x08000138   0x00000008   Code   RO         3064    .ARM.Collect$$$$0000000B  mc_w.l(entry9a.o)
    0x08000140   0x08000140   0x00000000   Code   RO         3066    .ARM.Collect$$$$0000000D  mc_w.l(entry10a.o)
    0x08000140   0x08000140   0x00000000   Code   RO         3068    .ARM.Collect$$$$0000000F  mc_w.l(entry11a.o)
    0x08000140   0x08000140   0x00000004   Code   RO         3057    .ARM.Collect$$$$00002712  mc_w.l(entry2.o)
    0x08000144   0x08000144   0x00000024   Code   RO            4    .text               startup_stm32f103xe.o
    0x08000168   0x08000168   0x000000f4   Code   RO         2089    .text               context_rvds.o
    0x0800025c   0x0800025c   0x00000024   Code   RO         3040    .text               mc_w.l(memcpya.o)
    0x08000280   0x08000280   0x00000024   Code   RO         3042    .text               mc_w.l(memseta.o)
    0x080002a4   0x080002a4   0x00000018   Code   RO         3044    .text               mc_w.l(strcat.o)
    0x080002bc   0x080002bc   0x00000018   Code   RO         3046    .text               mc_w.l(strncpy.o)
    0x080002d4   0x080002d4   0x0000000e   Code   RO         3048    .text               mc_w.l(strlen.o)
    0x080002e2   0x080002e2   0x00000012   Code   RO         3050    .text               mc_w.l(strcpy.o)
    0x080002f4   0x080002f4   0x0000001e   Code   RO         3052    .text               mc_w.l(strncmp.o)
    0x08000312   0x08000312   0x00000002   PAD
    0x08000314   0x08000314   0x00000024   Code   RO         3070    .text               mc_w.l(init.o)
    0x08000338   0x08000338   0x0000000a   Code   RO         2190    i.$Sub$$main        components.o
    0x08000342   0x08000342   0x00000002   Code   RO          350    i.BusFault_Handler  stm32f1xx_it.o
    0x08000344   0x08000344   0x00000002   Code   RO          351    i.DebugMon_Handler  stm32f1xx_it.o
    0x08000346   0x08000346   0x00000002   Code   RO           13    i.Error_Handler     main.o
    0x08000348   0x08000348   0x00000130   Code   RO          857    i.HAL_DMA_Abort_IT  stm32f1xx_hal_dma.o
    0x08000478   0x08000478   0x000001f8   Code   RO          792    i.HAL_GPIO_Init     stm32f1xx_hal_gpio.o
    0x08000670   0x08000670   0x0000000a   Code   RO          796    i.HAL_GPIO_WritePin  stm32f1xx_hal_gpio.o
    0x0800067a   0x0800067a   0x00000002   PAD
    0x0800067c   0x0800067c   0x0000000c   Code   RO          488    i.HAL_GetTick       stm32f1xx_hal.o
    0x08000688   0x08000688   0x00000024   Code   RO          495    i.HAL_Init          stm32f1xx_hal.o
    0x080006ac   0x080006ac   0x00000040   Code   RO          496    i.HAL_InitTick      stm32f1xx_hal.o
    0x080006ec   0x080006ec   0x0000003c   Code   RO          417    i.HAL_MspInit       stm32f1xx_hal_msp.o
    0x08000728   0x08000728   0x0000001a   Code   RO          952    i.HAL_NVIC_EnableIRQ  stm32f1xx_hal_cortex.o
    0x08000742   0x08000742   0x00000002   PAD
    0x08000744   0x08000744   0x00000040   Code   RO          958    i.HAL_NVIC_SetPriority  stm32f1xx_hal_cortex.o
    0x08000784   0x08000784   0x00000024   Code   RO          959    i.HAL_NVIC_SetPriorityGrouping  stm32f1xx_hal_cortex.o
    0x080007a8   0x080007a8   0x0000012c   Code   RO          652    i.HAL_RCC_ClockConfig  stm32f1xx_hal_rcc.o
    0x080008d4   0x080008d4   0x00000020   Code   RO          659    i.HAL_RCC_GetPCLK1Freq  stm32f1xx_hal_rcc.o
    0x080008f4   0x080008f4   0x00000020   Code   RO          660    i.HAL_RCC_GetPCLK2Freq  stm32f1xx_hal_rcc.o
    0x08000914   0x08000914   0x0000006c   Code   RO          661    i.HAL_RCC_GetSysClockFreq  stm32f1xx_hal_rcc.o
    0x08000980   0x08000980   0x00000320   Code   RO          664    i.HAL_RCC_OscConfig  stm32f1xx_hal_rcc.o
    0x08000ca0   0x08000ca0   0x00000028   Code   RO          963    i.HAL_SYSTICK_Config  stm32f1xx_hal_cortex.o
    0x08000cc8   0x08000cc8   0x00000002   Code   RO         1509    i.HAL_UART_ErrorCallback  stm32f1xx_hal_uart.o
    0x08000cca   0x08000cca   0x00000002   PAD
    0x08000ccc   0x08000ccc   0x00000110   Code   RO         1512    i.HAL_UART_IRQHandler  stm32f1xx_hal_uart.o
    0x08000ddc   0x08000ddc   0x00000062   Code   RO         1513    i.HAL_UART_Init     stm32f1xx_hal_uart.o
    0x08000e3e   0x08000e3e   0x00000002   PAD
    0x08000e40   0x08000e40   0x00000080   Code   RO          206    i.HAL_UART_MspInit  usart.o
    0x08000ec0   0x08000ec0   0x00000002   Code   RO         1519    i.HAL_UART_RxCpltCallback  stm32f1xx_hal_uart.o
    0x08000ec2   0x08000ec2   0x000000ba   Code   RO         1521    i.HAL_UART_Transmit  stm32f1xx_hal_uart.o
    0x08000f7c   0x08000f7c   0x00000002   Code   RO         1524    i.HAL_UART_TxCpltCallback  stm32f1xx_hal_uart.o
    0x08000f7e   0x08000f7e   0x00000002   PAD
    0x08000f80   0x08000f80   0x00000088   Code   RO          181    i.MX_GPIO_Init      gpio.o
    0x08001008   0x08001008   0x00000038   Code   RO          207    i.MX_USART1_UART_Init  usart.o
    0x08001040   0x08001040   0x00000002   Code   RO          352    i.MemManage_Handler  stm32f1xx_it.o
    0x08001042   0x08001042   0x00000002   Code   RO          353    i.NMI_Handler       stm32f1xx_it.o
    0x08001044   0x08001044   0x00000002   Code   RO          354    i.SVC_Handler       stm32f1xx_it.o
    0x08001046   0x08001046   0x00000012   Code   RO         2096    i.SysTick_Handler   board.o
    0x08001058   0x08001058   0x00000042   Code   RO           14    i.SystemClock_Config  main.o
    0x0800109a   0x0800109a   0x00000002   PAD
    0x0800109c   0x0800109c   0x00000068   Code   RO         1814    i.SystemCoreClockUpdate  system_stm32f1xx.o
    0x08001104   0x08001104   0x00000048   Code   RO         1815    i.SystemInit        system_stm32f1xx.o
    0x0800114c   0x0800114c   0x00000010   Code   RO         1526    i.UART_DMAAbortOnError  stm32f1xx_hal_uart.o
    0x0800115c   0x0800115c   0x0000001c   Code   RO         1536    i.UART_EndRxTransfer  stm32f1xx_hal_uart.o
    0x08001178   0x08001178   0x00000096   Code   RO         1538    i.UART_Receive_IT   stm32f1xx_hal_uart.o
    0x0800120e   0x0800120e   0x00000002   PAD
    0x08001210   0x08001210   0x000000b8   Code   RO         1539    i.UART_SetConfig    stm32f1xx_hal_uart.o
    0x080012c8   0x080012c8   0x00000062   Code   RO         1540    i.UART_Transmit_IT  stm32f1xx_hal_uart.o
    0x0800132a   0x0800132a   0x00000064   Code   RO         1541    i.UART_WaitOnFlagUntilTimeout  stm32f1xx_hal_uart.o
    0x0800138e   0x0800138e   0x00000002   PAD
    0x08001390   0x08001390   0x0000000c   Code   RO          355    i.USART1_IRQHandler  stm32f1xx_it.o
    0x0800139c   0x0800139c   0x00000002   Code   RO          356    i.UsageFault_Handler  stm32f1xx_it.o
    0x0800139e   0x0800139e   0x00000020   Code   RO          965    i.__NVIC_SetPriority  stm32f1xx_hal_cortex.o
    0x080013be   0x080013be   0x00000002   PAD
    0x080013c0   0x080013c0   0x00000044   Code   RO         2391    i.__rt_ffs          kservice.o
    0x08001404   0x08001404   0x0000000e   Code   RO         3074    i.__scatterload_copy  mc_w.l(handlers.o)
    0x08001412   0x08001412   0x00000002   Code   RO         3075    i.__scatterload_null  mc_w.l(handlers.o)
    0x08001414   0x08001414   0x0000000e   Code   RO         3076    i.__scatterload_zeroinit  mc_w.l(handlers.o)
    0x08001422   0x08001422   0x00000002   PAD
    0x08001424   0x08001424   0x00000014   Code   RO         2257    i._has_defunct_thread  idle.o
    0x08001438   0x08001438   0x0000009c   Code   RO         2031    i._msh_exec_cmd     msh.o
    0x080014d4   0x080014d4   0x00000080   Code   RO         2761    i._rt_thread_init   thread.o
    0x08001554   0x08001554   0x0000001c   Code   RO         2881    i._rt_timer_init    timer.o
    0x08001570   0x08001570   0x00000012   Code   RO         2882    i._rt_timer_remove  timer.o
    0x08001582   0x08001582   0x00000002   PAD
    0x08001584   0x08001584   0x000000e8   Code   RO         2973    i.bus_fault_track   cpuport.o
    0x0800166c   0x0800166c   0x0000000a   Code   RO         2032    i.cmd_free          msh.o
    0x08001676   0x08001676   0x0000000a   Code   RO         2033    i.cmd_ps            msh.o
    0x08001680   0x08001680   0x00000060   Code   RO         1850    i.finsh_get_prompt  shell.o
    0x080016e0   0x080016e0   0x00000014   Code   RO         1854    i.finsh_set_prompt_mode  shell.o
    0x080016f4   0x080016f4   0x0000000c   Code   RO         1855    i.finsh_system_function_init  shell.o
    0x08001700   0x08001700   0x00000094   Code   RO         1856    i.finsh_system_init  shell.o
    0x08001794   0x08001794   0x0000028c   Code   RO         1858    i.finsh_thread_entry  shell.o
    0x08001a20   0x08001a20   0x00000078   Code   RO         2974    i.hard_fault_track  cpuport.o
    0x08001a98   0x08001a98   0x00000020   Code   RO         1948    i.hello             cmd.o
    0x08001ab8   0x08001ab8   0x0000006c   Code   RO           15    i.led1_thread_entry  main.o
    0x08001b24   0x08001b24   0x00000064   Code   RO           16    i.led2_thread_entry  main.o
    0x08001b88   0x08001b88   0x00000054   Code   RO         1949    i.list              cmd.o
    0x08001bdc   0x08001bdc   0x00000024   Code   RO         1950    i.list_find_init    cmd.o
    0x08001c00   0x08001c00   0x00000066   Code   RO         1951    i.list_get_next     cmd.o
    0x08001c66   0x08001c66   0x00000002   PAD
    0x08001c68   0x08001c68   0x0000006c   Code   RO         2565    i.list_mem          mem.o
    0x08001cd4   0x08001cd4   0x00000140   Code   RO         1952    i.list_sem          cmd.o
    0x08001e14   0x08001e14   0x000001b8   Code   RO         1953    i.list_thread       cmd.o
    0x08001fcc   0x08001fcc   0x00000140   Code   RO         1954    i.list_timer        cmd.o
    0x0800210c   0x0800210c   0x00000084   Code   RO           17    i.main              main.o
    0x08002190   0x08002190   0x0000000e   Code   RO         2191    i.main_thread_entry  components.o
    0x0800219e   0x0800219e   0x00000002   PAD
    0x080021a0   0x080021a0   0x000000d8   Code   RO         2975    i.mem_manage_fault_track  cpuport.o
    0x08002278   0x08002278   0x000000ac   Code   RO         2034    i.msh_auto_complete  msh.o
    0x08002324   0x08002324   0x00000064   Code   RO         2035    i.msh_exec          msh.o
    0x08002388   0x08002388   0x0000006c   Code   RO         2036    i.msh_help          msh.o
    0x080023f4   0x080023f4   0x00000004   Code   RO         2037    i.msh_is_used       msh.o
    0x080023f8   0x080023f8   0x000000d0   Code   RO         2038    i.msh_split         msh.o
    0x080024c8   0x080024c8   0x00000018   Code   RO         1955    i.object_split      cmd.o
    0x080024e0   0x080024e0   0x00000054   Code   RO         2566    i.plug_holes        mem.o
    0x08002534   0x08002534   0x00000130   Code   RO         2393    i.print_number      kservice.o
    0x08002664   0x08002664   0x0000002c   Code   RO         2192    i.rt_application_init  components.o
    0x08002690   0x08002690   0x0000001a   Code   RO         2567    i.rt_calloc         mem.o
    0x080026aa   0x080026aa   0x00000002   PAD
    0x080026ac   0x080026ac   0x0000001c   Code   RO         2193    i.rt_components_board_init  components.o
    0x080026c8   0x080026c8   0x0000001c   Code   RO         2194    i.rt_components_init  components.o
    0x080026e4   0x080026e4   0x0000001c   Code   RO         2700    i.rt_enter_critical  scheduler.o
    0x08002700   0x08002700   0x00000038   Code   RO         2701    i.rt_exit_critical  scheduler.o
    0x08002738   0x08002738   0x000000c4   Code   RO         2568    i.rt_free           mem.o
    0x080027fc   0x080027fc   0x00000008   Code   RO         2097    i.rt_heap_begin_get  board.o
    0x08002804   0x08002804   0x00000008   Code   RO         2098    i.rt_heap_end_get   board.o
    0x0800280c   0x0800280c   0x00000058   Code   RO         2099    i.rt_hw_board_init  board.o
    0x08002864   0x08002864   0x00000034   Code   RO         2100    i.rt_hw_console_getchar  board.o
    0x08002898   0x08002898   0x00000040   Code   RO         2101    i.rt_hw_console_output  board.o
    0x080028d8   0x080028d8   0x000001fc   Code   RO         2979    i.rt_hw_hard_fault_exception  cpuport.o
    0x08002ad4   0x08002ad4   0x00000038   Code   RO         2980    i.rt_hw_stack_init  cpuport.o
    0x08002b0c   0x08002b0c   0x0000001c   Code   RO         2364    i.rt_interrupt_enter  irq.o
    0x08002b28   0x08002b28   0x0000001c   Code   RO         2366    i.rt_interrupt_leave  irq.o
    0x08002b44   0x08002b44   0x00000020   Code   RO         2397    i.rt_kprintf        kservice.o
    0x08002b64   0x08002b64   0x0000000e   Code   RO         2624    i.rt_list_insert_after  object.o
    0x08002b72   0x08002b72   0x0000000e   Code   RO         2762    i.rt_list_insert_after  thread.o
    0x08002b80   0x08002b80   0x0000000e   Code   RO         2883    i.rt_list_insert_after  timer.o
    0x08002b8e   0x08002b8e   0x0000000e   Code   RO         2298    i.rt_list_insert_before  ipc.o
    0x08002b9c   0x08002b9c   0x00000012   Code   RO         1956    i.rt_list_len       cmd.o
    0x08002bae   0x08002bae   0x00000012   Code   RO         2625    i.rt_list_remove    object.o
    0x08002bc0   0x08002bc0   0x00000012   Code   RO         2763    i.rt_list_remove    thread.o
    0x08002bd2   0x08002bd2   0x00000002   PAD
    0x08002bd4   0x08002bd4   0x000000f0   Code   RO         2569    i.rt_malloc         mem.o
    0x08002cc4   0x08002cc4   0x00000032   Code   RO         2402    i.rt_memmove        kservice.o
    0x08002cf6   0x08002cf6   0x00000002   PAD
    0x08002cf8   0x08002cf8   0x00000046   Code   RO         2403    i.rt_memset         kservice.o
    0x08002d3e   0x08002d3e   0x00000050   Code   RO         2626    i.rt_object_allocate  object.o
    0x08002d8e   0x08002d8e   0x00000026   Code   RO         2627    i.rt_object_delete  object.o
    0x08002db4   0x08002db4   0x00000020   Code   RO         2628    i.rt_object_detach  object.o
    0x08002dd4   0x08002dd4   0x00000024   Code   RO         2630    i.rt_object_get_information  object.o
    0x08002df8   0x08002df8   0x00000050   Code   RO         2632    i.rt_object_init    object.o
    0x08002e48   0x08002e48   0x0000000e   Code   RO         2633    i.rt_object_is_systemobject  object.o
    0x08002e56   0x08002e56   0x00000002   PAD
    0x08002e58   0x08002e58   0x00000058   Code   RO         2702    i.rt_schedule       scheduler.o
    0x08002eb0   0x08002eb0   0x00000050   Code   RO         2703    i.rt_schedule_insert_thread  scheduler.o
    0x08002f00   0x08002f00   0x00000048   Code   RO         2704    i.rt_schedule_remove_thread  scheduler.o
    0x08002f48   0x08002f48   0x00000024   Code   RO         2303    i.rt_sem_init       ipc.o
    0x08002f6c   0x08002f6c   0x00000036   Code   RO         2304    i.rt_sem_release    ipc.o
    0x08002fa2   0x08002fa2   0x000000ae   Code   RO         2305    i.rt_sem_take       ipc.o
    0x08003050   0x08003050   0x000000b0   Code   RO         2405    i.rt_show_version   kservice.o
    0x08003100   0x08003100   0x00000010   Code   RO         2411    i.rt_strlen         kservice.o
    0x08003110   0x08003110   0x00000026   Code   RO         2413    i.rt_strncpy        kservice.o
    0x08003136   0x08003136   0x00000002   PAD
    0x08003138   0x08003138   0x000000ac   Code   RO         2572    i.rt_system_heap_init  mem.o
    0x080031e4   0x080031e4   0x00000034   Code   RO         2705    i.rt_system_scheduler_init  scheduler.o
    0x08003218   0x08003218   0x00000028   Code   RO         2706    i.rt_system_scheduler_start  scheduler.o
    0x08003240   0x08003240   0x0000000c   Code   RO         2884    i.rt_system_timer_init  timer.o
    0x0800324c   0x0800324c   0x00000002   Code   RO         2885    i.rt_system_timer_thread_init  timer.o
    0x0800324e   0x0800324e   0x00000048   Code   RO         2765    i.rt_thread_create  thread.o
    0x08003296   0x08003296   0x00000002   PAD
    0x08003298   0x08003298   0x00000058   Code   RO         2769    i.rt_thread_exit    thread.o
    0x080032f0   0x080032f0   0x00000006   Code   RO         2258    i.rt_thread_idle_entry  idle.o
    0x080032f6   0x080032f6   0x00000002   PAD
    0x080032f8   0x080032f8   0x00000078   Code   RO         2259    i.rt_thread_idle_excute  idle.o
    0x08003370   0x08003370   0x00000038   Code   RO         2261    i.rt_thread_idle_init  idle.o
    0x080033a8   0x080033a8   0x00000030   Code   RO         2771    i.rt_thread_init    thread.o
    0x080033d8   0x080033d8   0x0000000e   Code   RO         2772    i.rt_thread_mdelay  thread.o
    0x080033e6   0x080033e6   0x0000003c   Code   RO         2773    i.rt_thread_resume  thread.o
    0x08003422   0x08003422   0x00000002   PAD
    0x08003424   0x08003424   0x0000000c   Code   RO         2774    i.rt_thread_self    thread.o
    0x08003430   0x08003430   0x00000040   Code   RO         2775    i.rt_thread_sleep   thread.o
    0x08003470   0x08003470   0x0000002c   Code   RO         2776    i.rt_thread_startup  thread.o
    0x0800349c   0x0800349c   0x00000042   Code   RO         2777    i.rt_thread_suspend  thread.o
    0x080034de   0x080034de   0x00000020   Code   RO         2778    i.rt_thread_timeout  thread.o
    0x080034fe   0x080034fe   0x00000002   PAD
    0x08003500   0x08003500   0x00000060   Code   RO         2779    i.rt_thread_yield   thread.o
    0x08003560   0x08003560   0x00000032   Code   RO         2153    i.rt_tick_from_millisecond  clock.o
    0x08003592   0x08003592   0x00000002   PAD
    0x08003594   0x08003594   0x0000000c   Code   RO         2154    i.rt_tick_get       clock.o
    0x080035a0   0x080035a0   0x0000002c   Code   RO         2155    i.rt_tick_increase  clock.o
    0x080035cc   0x080035cc   0x00000068   Code   RO         2886    i.rt_timer_check    timer.o
    0x08003634   0x08003634   0x00000030   Code   RO         2887    i.rt_timer_control  timer.o
    0x08003664   0x08003664   0x00000020   Code   RO         2890    i.rt_timer_detach   timer.o
    0x08003684   0x08003684   0x00000028   Code   RO         2891    i.rt_timer_init     timer.o
    0x080036ac   0x080036ac   0x0000008c   Code   RO         2893    i.rt_timer_start    timer.o
    0x08003738   0x08003738   0x0000002e   Code   RO         2894    i.rt_timer_stop     timer.o
    0x08003766   0x08003766   0x00000002   PAD
    0x08003768   0x08003768   0x0000027c   Code   RO         2416    i.rt_vsnprintf      kservice.o
    0x080039e4   0x080039e4   0x00000004   Code   RO         2195    i.rti_board_end     components.o
    0x080039e8   0x080039e8   0x00000004   Code   RO         2196    i.rti_board_start   components.o
    0x080039ec   0x080039ec   0x00000004   Code   RO         2197    i.rti_end           components.o
    0x080039f0   0x080039f0   0x00000004   Code   RO         2198    i.rti_start         components.o
    0x080039f4   0x080039f4   0x0000002a   Code   RO         2199    i.rtthread_startup  components.o
    0x08003a1e   0x08003a1e   0x00000028   Code   RO         2418    i.skip_atoi         kservice.o
    0x08003a46   0x08003a46   0x00000002   PAD
    0x08003a48   0x08003a48   0x000000d0   Code   RO         2981    i.usage_fault_track  cpuport.o
    0x08003b18   0x08003b18   0x0000000a   Code   RO         1957    i.version           cmd.o
    0x08003b22   0x08003b22   0x00000010   Data   RO         1816    .constdata          system_stm32f1xx.o
    0x08003b32   0x08003b32   0x00000008   Data   RO         1817    .constdata          system_stm32f1xx.o
    0x08003b3a   0x08003b3a   0x00000006   Data   RO         1958    .constdata          cmd.o
    0x08003b40   0x08003b40   0x00000008   Data   RO         1959    .constdata          cmd.o
    0x08003b48   0x08003b48   0x0000000e   Data   RO         1960    .constdata          cmd.o
    0x08003b56   0x08003b56   0x0000000c   Data   RO         1961    .constdata          cmd.o
    0x08003b62   0x08003b62   0x00000012   Data   RO         1962    .constdata          cmd.o
    0x08003b74   0x08003b74   0x00000009   Data   RO         1963    .constdata          cmd.o
    0x08003b7d   0x08003b7d   0x0000000f   Data   RO         1964    .constdata          cmd.o
    0x08003b8c   0x08003b8c   0x0000000b   Data   RO         1965    .constdata          cmd.o
    0x08003b97   0x08003b97   0x00000011   Data   RO         1966    .constdata          cmd.o
    0x08003ba8   0x08003ba8   0x00000005   Data   RO         1967    .constdata          cmd.o
    0x08003bad   0x08003bad   0x0000000b   Data   RO         2039    .constdata          msh.o
    0x08003bb8   0x08003bb8   0x00000009   Data   RO         2040    .constdata          msh.o
    0x08003bc1   0x08003bc1   0x0000000b   Data   RO         2041    .constdata          msh.o
    0x08003bcc   0x08003bcc   0x00000122   Data   RO         2420    .constdata          kservice.o
    0x08003cee   0x08003cee   0x00000009   Data   RO         2574    .constdata          mem.o
    0x08003cf7   0x08003cf7   0x00000001   PAD
    0x08003cf8   0x08003cf8   0x00000044   Data   RO         1968    .conststring        cmd.o
    0x08003d3c   0x08003d3c   0x00000004   Data   RO         2200    .rti_fn.0           components.o
    0x08003d40   0x08003d40   0x00000004   Data   RO         2201    .rti_fn.0.end       components.o
    0x08003d44   0x08003d44   0x00000004   Data   RO         2202    .rti_fn.1.end       components.o
    0x08003d48   0x08003d48   0x00000004   Data   RO         1861    .rti_fn.6           shell.o
    0x08003d4c   0x08003d4c   0x00000004   Data   RO         2203    .rti_fn.6.end       components.o
    0x08003d50   0x08003d50   0x00000050   Data   RO         1969    FSymTab             cmd.o
    0x08003da0   0x08003da0   0x00000018   Data   RO         2042    FSymTab             msh.o
    0x08003db8   0x08003db8   0x00000008   Data   RO         2576    FSymTab             mem.o
    0x08003dc0   0x08003dc0   0x00000020   Data   RO         3072    Region$$Table       anon$$obj.o


    Execution Region RW_IRAM1 (Exec base: 0x20000000, Load base: 0x08003de0, Size: 0x00001b78, Max: 0x0000c000, ABSOLUTE)

    Exec Addr    Load Addr    Size         Type   Attr      Idx    E Section Name        Object

    0x20000000   0x08003de0   0x00000002   Data   RW           19    .data               main.o
    0x20000002   0x08003de2   0x00000002   PAD
    0x20000004   0x08003de4   0x0000000c   Data   RW          502    .data               stm32f1xx_hal.o
    0x20000010   0x08003df0   0x00000004   Data   RW         1818    .data               system_stm32f1xx.o
    0x20000014   0x08003df4   0x00000018   Data   RW         1860    .data               shell.o
    0x2000002c   0x08003e0c   0x00000004   Data   RW         2157    .data               clock.o
    0x20000030   0x08003e10   0x00000001   Data   RW         2367    .data               irq.o
    0x20000031   0x08003e11   0x00000003   PAD
    0x20000034   0x08003e14   0x00000018   Data   RW         2575    .data               mem.o
    0x2000004c   0x08003e2c   0x00000030   Data   RW         2635    .data               object.o
    0x2000007c   0x08003e5c   0x00000014   Data   RW         2708    .data               scheduler.o
    0x20000090   0x08003e70   0x0000000c   Data   RW         2895    .data               timer.o
    0x2000009c   0x08003e7c   0x00000004   Data   RW         2982    .data               cpuport.o
    0x200000a0   0x08003e80   0x00000004   Data   RW         2983    .data               cpuport.o
    0x200000a4   0x08003e84   0x00000004   Data   RW         2984    .data               cpuport.o
    0x200000a8   0x08003e88   0x00000004   Data   RW         2985    .data               cpuport.o
    0x200000ac        -       0x000002f0   Zero   RW           18    .bss                main.o
    0x2000039c        -       0x00000040   Zero   RW          209    .bss                usart.o
    0x200003dc        -       0x00000081   Zero   RW         1859    .bss                shell.o
    0x2000045d   0x08003e8c   0x00000003   PAD
    0x20000460        -       0x00001000   Zero   RW         2102    .bss                board.o
    0x20001460        -       0x00000178   Zero   RW         2262    .bss                idle.o
    0x200015d8        -       0x00000080   Zero   RW         2419    .bss                kservice.o
    0x20001658        -       0x00000020   Zero   RW         2573    .bss                mem.o
    0x20001678        -       0x00000100   Zero   RW         2707    .bss                scheduler.o
    0x20001778        -       0x00000400   Zero   RW            1    STACK               startup_stm32f103xe.o


==============================================================================

Image component sizes


      Code (inc. data)   RO Data    RW Data    ZI Data      Debug   Object Name

       238         28          0          0       4096       4570   board.o
       106         12          0          4          0       1908   clock.o
      1386        518        263          0          0      12705   cmd.o
       182         28         16          0          0       6166   components.o
       244         26          0          0          0        832   context_rvds.o
      1340        718          0         16          0       5858   cpuport.o
       136         12          0          0          0        811   gpio.o
       202         26          0          0        376       5790   idle.o
       278          0          0          0          0       6513   ipc.o
        56         12          0          1          0       1722   irq.o
      1430        160        290          0        128      11285   kservice.o
       408        100          0          2        752      55466   main.o
       826        248         17         24         32       5470   mem.o
       768        152         55          0          0       7829   msh.o
       312          6          0         48          0       8668   object.o
       416         56          0         20        256       8502   scheduler.o
       928        136          4         24        129      10264   shell.o
        36          8        304          0       1024        772   startup_stm32f103xe.o
       112         20          0         12          0       5227   stm32f1xx_hal.o
       198         14          0          0          0      28743   stm32f1xx_hal_cortex.o
       304          8          0          0          0       1103   stm32f1xx_hal_dma.o
       514         42          0          0          0       2812   stm32f1xx_hal_gpio.o
        60          8          0          0          0        778   stm32f1xx_hal_msp.o
      1272        100          0          0          0       4996   stm32f1xx_hal_rcc.o
      1138         12          0          0          0       8655   stm32f1xx_hal_uart.o
        24          6          0          0          0       2723   stm32f1xx_it.o
       176         38         24          4          0       1651   system_stm32f1xx.o
       756         44          0          0          0      12429   thread.o
       484         14          0         12          0      10704   timer.o
       184         20          0          0         64     455156   usart.o

    ----------------------------------------------------------------------
     14562       2572       1006        172       6860     690108   Object Totals
         0          0         32          0          0          0   (incl. Generated)
        48          0          1          5          3          0   (incl. Padding)

    ----------------------------------------------------------------------

      Code (inc. data)   RO Data    RW Data    ZI Data      Debug   Library Member Name

         0          0          0          0          0          0   entry.o
         0          0          0          0          0          0   entry10a.o
         0          0          0          0          0          0   entry11a.o
         8          4          0          0          0          0   entry2.o
         4          0          0          0          0          0   entry5.o
         0          0          0          0          0          0   entry7b.o
         0          0          0          0          0          0   entry8b.o
         8          4          0          0          0          0   entry9a.o
        30          0          0          0          0          0   handlers.o
        36          8          0          0          0         68   init.o
        36          0          0          0          0         68   memcpya.o
        36          0          0          0          0        108   memseta.o
        24          0          0          0          0         68   strcat.o
        18          0          0          0          0         68   strcpy.o
        14          0          0          0          0         68   strlen.o
        30          0          0          0          0         80   strncmp.o
        24          0          0          0          0         76   strncpy.o

    ----------------------------------------------------------------------
       272         16          0          0          0        604   Library Totals
         4          0          0          0          0          0   (incl. Padding)

    ----------------------------------------------------------------------

      Code (inc. data)   RO Data    RW Data    ZI Data      Debug   Library Name

       268         16          0          0          0        604   mc_w.l

    ----------------------------------------------------------------------
       272         16          0          0          0        604   Library Totals

    ----------------------------------------------------------------------

==============================================================================


      Code (inc. data)   RO Data    RW Data    ZI Data      Debug   

     14834       2588       1006        172       6860     682440   Grand Totals
     14834       2588       1006        172       6860     682440   ELF Image Totals
     14834       2588       1006        172          0          0   ROM Totals

==============================================================================

    Total RO  Size (Code + RO Data)                15840 (  15.47kB)
    Total RW  Size (RW Data + ZI Data)              7032 (   6.87kB)
    Total ROM Size (Code + RO Data + RW Data)      16012 (  15.64kB)

==============================================================================

